17:29:22 **** Incremental Build of configuration Debug for project Blinky ****
make all 
Building file: ../Src/Assembly.s
Invoking: MCU GCC Assembler
C:\Users\TARUC\Students\ChuJaanHorng\AC6WorkSpace\Blinky\Debug
arm-none-eabi-as -mcpu=cortex-m3 -mthumb -mfloat-abi=soft -g -o "Src/Assembly.o" "../Src/Assembly.s"
Finished building: ../Src/Assembly.s
 
Building target: Blinky.elf
Invoking: MCU GCC Linker
arm-none-eabi-gcc -mcpu=cortex-m3 -mthumb -mfloat-abi=soft -specs=nosys.specs -specs=nano.specs -T"../STM32F103C8Tx_FLASH.ld" -Wl,-Map=output.map -Wl,--gc-sections -o "Blinky.elf" @"objects.list"   -lm
Finished building target: Blinky.elf
 
make --no-print-directory post-build
Generating binary and Printing size information:
arm-none-eabi-objcopy -O binary "Blinky.elf" "Blinky.bin"
arm-none-eabi-size "Blinky.elf"
   text	   data	    bss	    dec	    hex	filename
   6276	    116	   1660	   8052	   1f74	Blinky.elf
 

17:29:23 Build Finished (took 580ms)

