16:49:10 **** Incremental Build of configuration Debug for project Blinky ****
make all 
Building file: ../startup/sysmem.c
Invoking: MCU GCC Compiler
C:\Users\TARUC\Students\ChuJaanHorng\AC6WorkSpace\Blinky\Debug
arm-none-eabi-gcc -mcpu=cortex-m3 -mthumb -mfloat-abi=soft '-D__weak=__attribute__((weak))' '-D__packed=__attribute__((__packed__))' -DUSE_HAL_DRIVER -DSTM32F103xB -I"C:/Users/TARUC/Students/ChuJaanHorng/AC6WorkSpace/Blinky/Inc" -I"C:/Users/TARUC/Students/ChuJaanHorng/AC6WorkSpace/Blinky/Drivers/STM32F1xx_HAL_Driver/Inc/Legacy" -I"C:/Users/TARUC/Students/ChuJaanHorng/AC6WorkSpace/Blinky/Drivers/STM32F1xx_HAL_Driver/Inc" -I"C:/Users/TARUC/Students/ChuJaanHorng/AC6WorkSpace/Blinky/Drivers/CMSIS/Device/ST/STM32F1xx/Include" -I"C:/Users/TARUC/Students/ChuJaanHorng/AC6WorkSpace/Blinky/Drivers/CMSIS/Include" -I"C:/Users/TARUC/Students/ChuJaanHorng/AC6WorkSpace/Blinky/Inc"  -Og -Wall -fmessage-length=0 -ffunction-sections -c -fmessage-length=0 -MMD -MP -MF"startup/sysmem.d" -MT"startup/sysmem.o" -o "startup/sysmem.o" "../startup/sysmem.c"
Finished building: ../startup/sysmem.c
 
Building file: ../Src/Task.c
Invoking: MCU GCC Compiler
C:\Users\TARUC\Students\ChuJaanHorng\AC6WorkSpace\Blinky\Debug
arm-none-eabi-gcc -mcpu=cortex-m3 -mthumb -mfloat-abi=soft '-D__weak=__attribute__((weak))' '-D__packed=__attribute__((__packed__))' -DUSE_HAL_DRIVER -DSTM32F103xB -I"C:/Users/TARUC/Students/ChuJaanHorng/AC6WorkSpace/Blinky/Inc" -I"C:/Users/TARUC/Students/ChuJaanHorng/AC6WorkSpace/Blinky/Drivers/STM32F1xx_HAL_Driver/Inc/Legacy" -I"C:/Users/TARUC/Students/ChuJaanHorng/AC6WorkSpace/Blinky/Drivers/STM32F1xx_HAL_Driver/Inc" -I"C:/Users/TARUC/Students/ChuJaanHorng/AC6WorkSpace/Blinky/Drivers/CMSIS/Device/ST/STM32F1xx/Include" -I"C:/Users/TARUC/Students/ChuJaanHorng/AC6WorkSpace/Blinky/Drivers/CMSIS/Include" -I"C:/Users/TARUC/Students/ChuJaanHorng/AC6WorkSpace/Blinky/Inc"  -Og -Wall -fmessage-length=0 -ffunction-sections -c -fmessage-length=0 -MMD -MP -MF"Src/Task.d" -MT"Src/Task.o" -o "Src/Task.o" "../Src/Task.c"
../Src/Task.c: In function 'createThread':
../Src/Task.c:14:18: warning: assignment from incompatible pointer type [-Wincompatible-pointer-types]
  tcb->stackBegin = (uint32_t *)malloc(size);
                  ^
Finished building: ../Src/Task.c
 
Building file: ../Src/main.c
Invoking: MCU GCC Compiler
C:\Users\TARUC\Students\ChuJaanHorng\AC6WorkSpace\Blinky\Debug
arm-none-eabi-gcc -mcpu=cortex-m3 -mthumb -mfloat-abi=soft '-D__weak=__attribute__((weak))' '-D__packed=__attribute__((__packed__))' -DUSE_HAL_DRIVER -DSTM32F103xB -I"C:/Users/TARUC/Students/ChuJaanHorng/AC6WorkSpace/Blinky/Inc" -I"C:/Users/TARUC/Students/ChuJaanHorng/AC6WorkSpace/Blinky/Drivers/STM32F1xx_HAL_Driver/Inc/Legacy" -I"C:/Users/TARUC/Students/ChuJaanHorng/AC6WorkSpace/Blinky/Drivers/STM32F1xx_HAL_Driver/Inc" -I"C:/Users/TARUC/Students/ChuJaanHorng/AC6WorkSpace/Blinky/Drivers/CMSIS/Device/ST/STM32F1xx/Include" -I"C:/Users/TARUC/Students/ChuJaanHorng/AC6WorkSpace/Blinky/Drivers/CMSIS/Include" -I"C:/Users/TARUC/Students/ChuJaanHorng/AC6WorkSpace/Blinky/Inc"  -Og -Wall -fmessage-length=0 -ffunction-sections -c -fmessage-length=0 -MMD -MP -MF"Src/main.d" -MT"Src/main.o" -o "Src/main.o" "../Src/main.c"
../Src/main.c: In function 'main':
../Src/main.c:114:13: warning: implicit declaration of function 'initKernel' [-Wimplicit-function-declaration]
   currTcb = initKernel("MainThread");
             ^
../Src/main.c:114:11: warning: assignment makes pointer from integer without a cast [-Wint-conversion]
   currTcb = initKernel("MainThread");
           ^
../Src/main.c:115:9: warning: implicit declaration of function 'createThread' [-Wimplicit-function-declaration]
   tcb = createThread("Thread1", task1, 256);
         ^
../Src/main.c:115:7: warning: assignment makes pointer from integer without a cast [-Wint-conversion]
   tcb = createThread("Thread1", task1, 256);
       ^
../Src/main.c:117:7: warning: assignment makes pointer from integer without a cast [-Wint-conversion]
   tcb = createThread("Thread2", task2, 512);
       ^
../Src/main.c:126:16: warning: unused variable 'val4' [-Wunused-variable]
   volatile int val4 = add6Integers(2, 3, 4, 5, 8, 6);
                ^
../Src/main.c:125:16: warning: unused variable 'val3' [-Wunused-variable]
   volatile int val3 = add5Integers(1, 2, 3, 4, 5);
                ^
../Src/main.c:123:16: warning: variable 'val' set but not used [-Wunused-but-set-variable]
   volatile int val = add2Integers(23, 56);
                ^
../Src/main.c:87:12: warning: unused variable 'LED' [-Wunused-variable]
   enum led LED=led1;
            ^
../Src/main.c:86:14: warning: unused variable 'led2State' [-Wunused-variable]
   enum blink led2State=on;
              ^
../Src/main.c:85:14: warning: unused variable 'led1State' [-Wunused-variable]
   enum blink led1State=on;
              ^
../Src/main.c: In function 'task1':
../Src/main.c:299:11: warning: type defaults to 'int' in declaration of 'i' [-Wimplicit-int]
  volatile i=0;
           ^
../Src/main.c: In function 'task2':
../Src/main.c:307:11: warning: type defaults to 'int' in declaration of 'k' [-Wimplicit-int]
  volatile k=0;
           ^
Finished building: ../Src/main.c
 
Building file: ../Src/stm32f1xx_hal_msp.c
Invoking: MCU GCC Compiler
C:\Users\TARUC\Students\ChuJaanHorng\AC6WorkSpace\Blinky\Debug
arm-none-eabi-gcc -mcpu=cortex-m3 -mthumb -mfloat-abi=soft '-D__weak=__attribute__((weak))' '-D__packed=__attribute__((__packed__))' -DUSE_HAL_DRIVER -DSTM32F103xB -I"C:/Users/TARUC/Students/ChuJaanHorng/AC6WorkSpace/Blinky/Inc" -I"C:/Users/TARUC/Students/ChuJaanHorng/AC6WorkSpace/Blinky/Drivers/STM32F1xx_HAL_Driver/Inc/Legacy" -I"C:/Users/TARUC/Students/ChuJaanHorng/AC6WorkSpace/Blinky/Drivers/STM32F1xx_HAL_Driver/Inc" -I"C:/Users/TARUC/Students/ChuJaanHorng/AC6WorkSpace/Blinky/Drivers/CMSIS/Device/ST/STM32F1xx/Include" -I"C:/Users/TARUC/Students/ChuJaanHorng/AC6WorkSpace/Blinky/Drivers/CMSIS/Include" -I"C:/Users/TARUC/Students/ChuJaanHorng/AC6WorkSpace/Blinky/Inc"  -Og -Wall -fmessage-length=0 -ffunction-sections -c -fmessage-length=0 -MMD -MP -MF"Src/stm32f1xx_hal_msp.d" -MT"Src/stm32f1xx_hal_msp.o" -o "Src/stm32f1xx_hal_msp.o" "../Src/stm32f1xx_hal_msp.c"
Finished building: ../Src/stm32f1xx_hal_msp.c
 
Building file: ../Src/stm32f1xx_it.c
Invoking: MCU GCC Compiler
C:\Users\TARUC\Students\ChuJaanHorng\AC6WorkSpace\Blinky\Debug
arm-none-eabi-gcc -mcpu=cortex-m3 -mthumb -mfloat-abi=soft '-D__weak=__attribute__((weak))' '-D__packed=__attribute__((__packed__))' -DUSE_HAL_DRIVER -DSTM32F103xB -I"C:/Users/TARUC/Students/ChuJaanHorng/AC6WorkSpace/Blinky/Inc" -I"C:/Users/TARUC/Students/ChuJaanHorng/AC6WorkSpace/Blinky/Drivers/STM32F1xx_HAL_Driver/Inc/Legacy" -I"C:/Users/TARUC/Students/ChuJaanHorng/AC6WorkSpace/Blinky/Drivers/STM32F1xx_HAL_Driver/Inc" -I"C:/Users/TARUC/Students/ChuJaanHorng/AC6WorkSpace/Blinky/Drivers/CMSIS/Device/ST/STM32F1xx/Include" -I"C:/Users/TARUC/Students/ChuJaanHorng/AC6WorkSpace/Blinky/Drivers/CMSIS/Include" -I"C:/Users/TARUC/Students/ChuJaanHorng/AC6WorkSpace/Blinky/Inc"  -Og -Wall -fmessage-length=0 -ffunction-sections -c -fmessage-length=0 -MMD -MP -MF"Src/stm32f1xx_it.d" -MT"Src/stm32f1xx_it.o" -o "Src/stm32f1xx_it.o" "../Src/stm32f1xx_it.c"
Finished building: ../Src/stm32f1xx_it.c
 
Building file: ../Src/system_stm32f1xx.c
Invoking: MCU GCC Compiler
C:\Users\TARUC\Students\ChuJaanHorng\AC6WorkSpace\Blinky\Debug
arm-none-eabi-gcc -mcpu=cortex-m3 -mthumb -mfloat-abi=soft '-D__weak=__attribute__((weak))' '-D__packed=__attribute__((__packed__))' -DUSE_HAL_DRIVER -DSTM32F103xB -I"C:/Users/TARUC/Students/ChuJaanHorng/AC6WorkSpace/Blinky/Inc" -I"C:/Users/TARUC/Students/ChuJaanHorng/AC6WorkSpace/Blinky/Drivers/STM32F1xx_HAL_Driver/Inc/Legacy" -I"C:/Users/TARUC/Students/ChuJaanHorng/AC6WorkSpace/Blinky/Drivers/STM32F1xx_HAL_Driver/Inc" -I"C:/Users/TARUC/Students/ChuJaanHorng/AC6WorkSpace/Blinky/Drivers/CMSIS/Device/ST/STM32F1xx/Include" -I"C:/Users/TARUC/Students/ChuJaanHorng/AC6WorkSpace/Blinky/Drivers/CMSIS/Include" -I"C:/Users/TARUC/Students/ChuJaanHorng/AC6WorkSpace/Blinky/Inc"  -Og -Wall -fmessage-length=0 -ffunction-sections -c -fmessage-length=0 -MMD -MP -MF"Src/system_stm32f1xx.d" -MT"Src/system_stm32f1xx.o" -o "Src/system_stm32f1xx.o" "../Src/system_stm32f1xx.c"
Finished building: ../Src/system_stm32f1xx.c
 
Building file: ../Drivers/STM32F1xx_HAL_Driver/Src/stm32f1xx_hal.c
Invoking: MCU GCC Compiler
C:\Users\TARUC\Students\ChuJaanHorng\AC6WorkSpace\Blinky\Debug
arm-none-eabi-gcc -mcpu=cortex-m3 -mthumb -mfloat-abi=soft '-D__weak=__attribute__((weak))' '-D__packed=__attribute__((__packed__))' -DUSE_HAL_DRIVER -DSTM32F103xB -I"C:/Users/TARUC/Students/ChuJaanHorng/AC6WorkSpace/Blinky/Inc" -I"C:/Users/TARUC/Students/ChuJaanHorng/AC6WorkSpace/Blinky/Drivers/STM32F1xx_HAL_Driver/Inc/Legacy" -I"C:/Users/TARUC/Students/ChuJaanHorng/AC6WorkSpace/Blinky/Drivers/STM32F1xx_HAL_Driver/Inc" -I"C:/Users/TARUC/Students/ChuJaanHorng/AC6WorkSpace/Blinky/Drivers/CMSIS/Device/ST/STM32F1xx/Include" -I"C:/Users/TARUC/Students/ChuJaanHorng/AC6WorkSpace/Blinky/Drivers/CMSIS/Include" -I"C:/Users/TARUC/Students/ChuJaanHorng/AC6WorkSpace/Blinky/Inc"  -Og -Wall -fmessage-length=0 -ffunction-sections -c -fmessage-length=0 -MMD -MP -MF"Drivers/STM32F1xx_HAL_Driver/Src/stm32f1xx_hal.d" -MT"Drivers/STM32F1xx_HAL_Driver/Src/stm32f1xx_hal.o" -o "Drivers/STM32F1xx_HAL_Driver/Src/stm32f1xx_hal.o" "../Drivers/STM32F1xx_HAL_Driver/Src/stm32f1xx_hal.c"
Finished building: ../Drivers/STM32F1xx_HAL_Driver/Src/stm32f1xx_hal.c
 
Building file: ../Drivers/STM32F1xx_HAL_Driver/Src/stm32f1xx_hal_cortex.c
Invoking: MCU GCC Compiler
C:\Users\TARUC\Students\ChuJaanHorng\AC6WorkSpace\Blinky\Debug
arm-none-eabi-gcc -mcpu=cortex-m3 -mthumb -mfloat-abi=soft '-D__weak=__attribute__((weak))' '-D__packed=__attribute__((__packed__))' -DUSE_HAL_DRIVER -DSTM32F103xB -I"C:/Users/TARUC/Students/ChuJaanHorng/AC6WorkSpace/Blinky/Inc" -I"C:/Users/TARUC/Students/ChuJaanHorng/AC6WorkSpace/Blinky/Drivers/STM32F1xx_HAL_Driver/Inc/Legacy" -I"C:/Users/TARUC/Students/ChuJaanHorng/AC6WorkSpace/Blinky/Drivers/STM32F1xx_HAL_Driver/Inc" -I"C:/Users/TARUC/Students/ChuJaanHorng/AC6WorkSpace/Blinky/Drivers/CMSIS/Device/ST/STM32F1xx/Include" -I"C:/Users/TARUC/Students/ChuJaanHorng/AC6WorkSpace/Blinky/Drivers/CMSIS/Include" -I"C:/Users/TARUC/Students/ChuJaanHorng/AC6WorkSpace/Blinky/Inc"  -Og -Wall -fmessage-length=0 -ffunction-sections -c -fmessage-length=0 -MMD -MP -MF"Drivers/STM32F1xx_HAL_Driver/Src/stm32f1xx_hal_cortex.d" -MT"Drivers/STM32F1xx_HAL_Driver/Src/stm32f1xx_hal_cortex.o" -o "Drivers/STM32F1xx_HAL_Driver/Src/stm32f1xx_hal_cortex.o" "../Drivers/STM32F1xx_HAL_Driver/Src/stm32f1xx_hal_cortex.c"
Finished building: ../Drivers/STM32F1xx_HAL_Driver/Src/stm32f1xx_hal_cortex.c
 
Building file: ../Drivers/STM32F1xx_HAL_Driver/Src/stm32f1xx_hal_dma.c
Invoking: MCU GCC Compiler
C:\Users\TARUC\Students\ChuJaanHorng\AC6WorkSpace\Blinky\Debug
arm-none-eabi-gcc -mcpu=cortex-m3 -mthumb -mfloat-abi=soft '-D__weak=__attribute__((weak))' '-D__packed=__attribute__((__packed__))' -DUSE_HAL_DRIVER -DSTM32F103xB -I"C:/Users/TARUC/Students/ChuJaanHorng/AC6WorkSpace/Blinky/Inc" -I"C:/Users/TARUC/Students/ChuJaanHorng/AC6WorkSpace/Blinky/Drivers/STM32F1xx_HAL_Driver/Inc/Legacy" -I"C:/Users/TARUC/Students/ChuJaanHorng/AC6WorkSpace/Blinky/Drivers/STM32F1xx_HAL_Driver/Inc" -I"C:/Users/TARUC/Students/ChuJaanHorng/AC6WorkSpace/Blinky/Drivers/CMSIS/Device/ST/STM32F1xx/Include" -I"C:/Users/TARUC/Students/ChuJaanHorng/AC6WorkSpace/Blinky/Drivers/CMSIS/Include" -I"C:/Users/TARUC/Students/ChuJaanHorng/AC6WorkSpace/Blinky/Inc"  -Og -Wall -fmessage-length=0 -ffunction-sections -c -fmessage-length=0 -MMD -MP -MF"Drivers/STM32F1xx_HAL_Driver/Src/stm32f1xx_hal_dma.d" -MT"Drivers/STM32F1xx_HAL_Driver/Src/stm32f1xx_hal_dma.o" -o "Drivers/STM32F1xx_HAL_Driver/Src/stm32f1xx_hal_dma.o" "../Drivers/STM32F1xx_HAL_Driver/Src/stm32f1xx_hal_dma.c"
Finished building: ../Drivers/STM32F1xx_HAL_Driver/Src/stm32f1xx_hal_dma.c
 
Building file: ../Drivers/STM32F1xx_HAL_Driver/Src/stm32f1xx_hal_flash.c
Invoking: MCU GCC Compiler
C:\Users\TARUC\Students\ChuJaanHorng\AC6WorkSpace\Blinky\Debug
arm-none-eabi-gcc -mcpu=cortex-m3 -mthumb -mfloat-abi=soft '-D__weak=__attribute__((weak))' '-D__packed=__attribute__((__packed__))' -DUSE_HAL_DRIVER -DSTM32F103xB -I"C:/Users/TARUC/Students/ChuJaanHorng/AC6WorkSpace/Blinky/Inc" -I"C:/Users/TARUC/Students/ChuJaanHorng/AC6WorkSpace/Blinky/Drivers/STM32F1xx_HAL_Driver/Inc/Legacy" -I"C:/Users/TARUC/Students/ChuJaanHorng/AC6WorkSpace/Blinky/Drivers/STM32F1xx_HAL_Driver/Inc" -I"C:/Users/TARUC/Students/ChuJaanHorng/AC6WorkSpace/Blinky/Drivers/CMSIS/Device/ST/STM32F1xx/Include" -I"C:/Users/TARUC/Students/ChuJaanHorng/AC6WorkSpace/Blinky/Drivers/CMSIS/Include" -I"C:/Users/TARUC/Students/ChuJaanHorng/AC6WorkSpace/Blinky/Inc"  -Og -Wall -fmessage-length=0 -ffunction-sections -c -fmessage-length=0 -MMD -MP -MF"Drivers/STM32F1xx_HAL_Driver/Src/stm32f1xx_hal_flash.d" -MT"Drivers/STM32F1xx_HAL_Driver/Src/stm32f1xx_hal_flash.o" -o "Drivers/STM32F1xx_HAL_Driver/Src/stm32f1xx_hal_flash.o" "../Drivers/STM32F1xx_HAL_Driver/Src/stm32f1xx_hal_flash.c"
Finished building: ../Drivers/STM32F1xx_HAL_Driver/Src/stm32f1xx_hal_flash.c
 
Building file: ../Drivers/STM32F1xx_HAL_Driver/Src/stm32f1xx_hal_flash_ex.c
Invoking: MCU GCC Compiler
C:\Users\TARUC\Students\ChuJaanHorng\AC6WorkSpace\Blinky\Debug
arm-none-eabi-gcc -mcpu=cortex-m3 -mthumb -mfloat-abi=soft '-D__weak=__attribute__((weak))' '-D__packed=__attribute__((__packed__))' -DUSE_HAL_DRIVER -DSTM32F103xB -I"C:/Users/TARUC/Students/ChuJaanHorng/AC6WorkSpace/Blinky/Inc" -I"C:/Users/TARUC/Students/ChuJaanHorng/AC6WorkSpace/Blinky/Drivers/STM32F1xx_HAL_Driver/Inc/Legacy" -I"C:/Users/TARUC/Students/ChuJaanHorng/AC6WorkSpace/Blinky/Drivers/STM32F1xx_HAL_Driver/Inc" -I"C:/Users/TARUC/Students/ChuJaanHorng/AC6WorkSpace/Blinky/Drivers/CMSIS/Device/ST/STM32F1xx/Include" -I"C:/Users/TARUC/Students/ChuJaanHorng/AC6WorkSpace/Blinky/Drivers/CMSIS/Include" -I"C:/Users/TARUC/Students/ChuJaanHorng/AC6WorkSpace/Blinky/Inc"  -Og -Wall -fmessage-length=0 -ffunction-sections -c -fmessage-length=0 -MMD -MP -MF"Drivers/STM32F1xx_HAL_Driver/Src/stm32f1xx_hal_flash_ex.d" -MT"Drivers/STM32F1xx_HAL_Driver/Src/stm32f1xx_hal_flash_ex.o" -o "Drivers/STM32F1xx_HAL_Driver/Src/stm32f1xx_hal_flash_ex.o" "../Drivers/STM32F1xx_HAL_Driver/Src/stm32f1xx_hal_flash_ex.c"
Finished building: ../Drivers/STM32F1xx_HAL_Driver/Src/stm32f1xx_hal_flash_ex.c
 
Building file: ../Drivers/STM32F1xx_HAL_Driver/Src/stm32f1xx_hal_gpio.c
Invoking: MCU GCC Compiler
C:\Users\TARUC\Students\ChuJaanHorng\AC6WorkSpace\Blinky\Debug
arm-none-eabi-gcc -mcpu=cortex-m3 -mthumb -mfloat-abi=soft '-D__weak=__attribute__((weak))' '-D__packed=__attribute__((__packed__))' -DUSE_HAL_DRIVER -DSTM32F103xB -I"C:/Users/TARUC/Students/ChuJaanHorng/AC6WorkSpace/Blinky/Inc" -I"C:/Users/TARUC/Students/ChuJaanHorng/AC6WorkSpace/Blinky/Drivers/STM32F1xx_HAL_Driver/Inc/Legacy" -I"C:/Users/TARUC/Students/ChuJaanHorng/AC6WorkSpace/Blinky/Drivers/STM32F1xx_HAL_Driver/Inc" -I"C:/Users/TARUC/Students/ChuJaanHorng/AC6WorkSpace/Blinky/Drivers/CMSIS/Device/ST/STM32F1xx/Include" -I"C:/Users/TARUC/Students/ChuJaanHorng/AC6WorkSpace/Blinky/Drivers/CMSIS/Include" -I"C:/Users/TARUC/Students/ChuJaanHorng/AC6WorkSpace/Blinky/Inc"  -Og -Wall -fmessage-length=0 -ffunction-sections -c -fmessage-length=0 -MMD -MP -MF"Drivers/STM32F1xx_HAL_Driver/Src/stm32f1xx_hal_gpio.d" -MT"Drivers/STM32F1xx_HAL_Driver/Src/stm32f1xx_hal_gpio.o" -o "Drivers/STM32F1xx_HAL_Driver/Src/stm32f1xx_hal_gpio.o" "../Drivers/STM32F1xx_HAL_Driver/Src/stm32f1xx_hal_gpio.c"
Finished building: ../Drivers/STM32F1xx_HAL_Driver/Src/stm32f1xx_hal_gpio.c
 
Building file: ../Drivers/STM32F1xx_HAL_Driver/Src/stm32f1xx_hal_gpio_ex.c
Invoking: MCU GCC Compiler
C:\Users\TARUC\Students\ChuJaanHorng\AC6WorkSpace\Blinky\Debug
arm-none-eabi-gcc -mcpu=cortex-m3 -mthumb -mfloat-abi=soft '-D__weak=__attribute__((weak))' '-D__packed=__attribute__((__packed__))' -DUSE_HAL_DRIVER -DSTM32F103xB -I"C:/Users/TARUC/Students/ChuJaanHorng/AC6WorkSpace/Blinky/Inc" -I"C:/Users/TARUC/Students/ChuJaanHorng/AC6WorkSpace/Blinky/Drivers/STM32F1xx_HAL_Driver/Inc/Legacy" -I"C:/Users/TARUC/Students/ChuJaanHorng/AC6WorkSpace/Blinky/Drivers/STM32F1xx_HAL_Driver/Inc" -I"C:/Users/TARUC/Students/ChuJaanHorng/AC6WorkSpace/Blinky/Drivers/CMSIS/Device/ST/STM32F1xx/Include" -I"C:/Users/TARUC/Students/ChuJaanHorng/AC6WorkSpace/Blinky/Drivers/CMSIS/Include" -I"C:/Users/TARUC/Students/ChuJaanHorng/AC6WorkSpace/Blinky/Inc"  -Og -Wall -fmessage-length=0 -ffunction-sections -c -fmessage-length=0 -MMD -MP -MF"Drivers/STM32F1xx_HAL_Driver/Src/stm32f1xx_hal_gpio_ex.d" -MT"Drivers/STM32F1xx_HAL_Driver/Src/stm32f1xx_hal_gpio_ex.o" -o "Drivers/STM32F1xx_HAL_Driver/Src/stm32f1xx_hal_gpio_ex.o" "../Drivers/STM32F1xx_HAL_Driver/Src/stm32f1xx_hal_gpio_ex.c"
Finished building: ../Drivers/STM32F1xx_HAL_Driver/Src/stm32f1xx_hal_gpio_ex.c
 
Building file: ../Drivers/STM32F1xx_HAL_Driver/Src/stm32f1xx_hal_pwr.c
Invoking: MCU GCC Compiler
C:\Users\TARUC\Students\ChuJaanHorng\AC6WorkSpace\Blinky\Debug
arm-none-eabi-gcc -mcpu=cortex-m3 -mthumb -mfloat-abi=soft '-D__weak=__attribute__((weak))' '-D__packed=__attribute__((__packed__))' -DUSE_HAL_DRIVER -DSTM32F103xB -I"C:/Users/TARUC/Students/ChuJaanHorng/AC6WorkSpace/Blinky/Inc" -I"C:/Users/TARUC/Students/ChuJaanHorng/AC6WorkSpace/Blinky/Drivers/STM32F1xx_HAL_Driver/Inc/Legacy" -I"C:/Users/TARUC/Students/ChuJaanHorng/AC6WorkSpace/Blinky/Drivers/STM32F1xx_HAL_Driver/Inc" -I"C:/Users/TARUC/Students/ChuJaanHorng/AC6WorkSpace/Blinky/Drivers/CMSIS/Device/ST/STM32F1xx/Include" -I"C:/Users/TARUC/Students/ChuJaanHorng/AC6WorkSpace/Blinky/Drivers/CMSIS/Include" -I"C:/Users/TARUC/Students/ChuJaanHorng/AC6WorkSpace/Blinky/Inc"  -Og -Wall -fmessage-length=0 -ffunction-sections -c -fmessage-length=0 -MMD -MP -MF"Drivers/STM32F1xx_HAL_Driver/Src/stm32f1xx_hal_pwr.d" -MT"Drivers/STM32F1xx_HAL_Driver/Src/stm32f1xx_hal_pwr.o" -o "Drivers/STM32F1xx_HAL_Driver/Src/stm32f1xx_hal_pwr.o" "../Drivers/STM32F1xx_HAL_Driver/Src/stm32f1xx_hal_pwr.c"
Finished building: ../Drivers/STM32F1xx_HAL_Driver/Src/stm32f1xx_hal_pwr.c
 
Building file: ../Drivers/STM32F1xx_HAL_Driver/Src/stm32f1xx_hal_rcc.c
Invoking: MCU GCC Compiler
C:\Users\TARUC\Students\ChuJaanHorng\AC6WorkSpace\Blinky\Debug
arm-none-eabi-gcc -mcpu=cortex-m3 -mthumb -mfloat-abi=soft '-D__weak=__attribute__((weak))' '-D__packed=__attribute__((__packed__))' -DUSE_HAL_DRIVER -DSTM32F103xB -I"C:/Users/TARUC/Students/ChuJaanHorng/AC6WorkSpace/Blinky/Inc" -I"C:/Users/TARUC/Students/ChuJaanHorng/AC6WorkSpace/Blinky/Drivers/STM32F1xx_HAL_Driver/Inc/Legacy" -I"C:/Users/TARUC/Students/ChuJaanHorng/AC6WorkSpace/Blinky/Drivers/STM32F1xx_HAL_Driver/Inc" -I"C:/Users/TARUC/Students/ChuJaanHorng/AC6WorkSpace/Blinky/Drivers/CMSIS/Device/ST/STM32F1xx/Include" -I"C:/Users/TARUC/Students/ChuJaanHorng/AC6WorkSpace/Blinky/Drivers/CMSIS/Include" -I"C:/Users/TARUC/Students/ChuJaanHorng/AC6WorkSpace/Blinky/Inc"  -Og -Wall -fmessage-length=0 -ffunction-sections -c -fmessage-length=0 -MMD -MP -MF"Drivers/STM32F1xx_HAL_Driver/Src/stm32f1xx_hal_rcc.d" -MT"Drivers/STM32F1xx_HAL_Driver/Src/stm32f1xx_hal_rcc.o" -o "Drivers/STM32F1xx_HAL_Driver/Src/stm32f1xx_hal_rcc.o" "../Drivers/STM32F1xx_HAL_Driver/Src/stm32f1xx_hal_rcc.c"
Finished building: ../Drivers/STM32F1xx_HAL_Driver/Src/stm32f1xx_hal_rcc.c
 
Building file: ../Drivers/STM32F1xx_HAL_Driver/Src/stm32f1xx_hal_rcc_ex.c
Invoking: MCU GCC Compiler
C:\Users\TARUC\Students\ChuJaanHorng\AC6WorkSpace\Blinky\Debug
arm-none-eabi-gcc -mcpu=cortex-m3 -mthumb -mfloat-abi=soft '-D__weak=__attribute__((weak))' '-D__packed=__attribute__((__packed__))' -DUSE_HAL_DRIVER -DSTM32F103xB -I"C:/Users/TARUC/Students/ChuJaanHorng/AC6WorkSpace/Blinky/Inc" -I"C:/Users/TARUC/Students/ChuJaanHorng/AC6WorkSpace/Blinky/Drivers/STM32F1xx_HAL_Driver/Inc/Legacy" -I"C:/Users/TARUC/Students/ChuJaanHorng/AC6WorkSpace/Blinky/Drivers/STM32F1xx_HAL_Driver/Inc" -I"C:/Users/TARUC/Students/ChuJaanHorng/AC6WorkSpace/Blinky/Drivers/CMSIS/Device/ST/STM32F1xx/Include" -I"C:/Users/TARUC/Students/ChuJaanHorng/AC6WorkSpace/Blinky/Drivers/CMSIS/Include" -I"C:/Users/TARUC/Students/ChuJaanHorng/AC6WorkSpace/Blinky/Inc"  -Og -Wall -fmessage-length=0 -ffunction-sections -c -fmessage-length=0 -MMD -MP -MF"Drivers/STM32F1xx_HAL_Driver/Src/stm32f1xx_hal_rcc_ex.d" -MT"Drivers/STM32F1xx_HAL_Driver/Src/stm32f1xx_hal_rcc_ex.o" -o "Drivers/STM32F1xx_HAL_Driver/Src/stm32f1xx_hal_rcc_ex.o" "../Drivers/STM32F1xx_HAL_Driver/Src/stm32f1xx_hal_rcc_ex.c"
Finished building: ../Drivers/STM32F1xx_HAL_Driver/Src/stm32f1xx_hal_rcc_ex.c
 
Building file: ../Drivers/STM32F1xx_HAL_Driver/Src/stm32f1xx_hal_tim.c
Invoking: MCU GCC Compiler
C:\Users\TARUC\Students\ChuJaanHorng\AC6WorkSpace\Blinky\Debug
arm-none-eabi-gcc -mcpu=cortex-m3 -mthumb -mfloat-abi=soft '-D__weak=__attribute__((weak))' '-D__packed=__attribute__((__packed__))' -DUSE_HAL_DRIVER -DSTM32F103xB -I"C:/Users/TARUC/Students/ChuJaanHorng/AC6WorkSpace/Blinky/Inc" -I"C:/Users/TARUC/Students/ChuJaanHorng/AC6WorkSpace/Blinky/Drivers/STM32F1xx_HAL_Driver/Inc/Legacy" -I"C:/Users/TARUC/Students/ChuJaanHorng/AC6WorkSpace/Blinky/Drivers/STM32F1xx_HAL_Driver/Inc" -I"C:/Users/TARUC/Students/ChuJaanHorng/AC6WorkSpace/Blinky/Drivers/CMSIS/Device/ST/STM32F1xx/Include" -I"C:/Users/TARUC/Students/ChuJaanHorng/AC6WorkSpace/Blinky/Drivers/CMSIS/Include" -I"C:/Users/TARUC/Students/ChuJaanHorng/AC6WorkSpace/Blinky/Inc"  -Og -Wall -fmessage-length=0 -ffunction-sections -c -fmessage-length=0 -MMD -MP -MF"Drivers/STM32F1xx_HAL_Driver/Src/stm32f1xx_hal_tim.d" -MT"Drivers/STM32F1xx_HAL_Driver/Src/stm32f1xx_hal_tim.o" -o "Drivers/STM32F1xx_HAL_Driver/Src/stm32f1xx_hal_tim.o" "../Drivers/STM32F1xx_HAL_Driver/Src/stm32f1xx_hal_tim.c"
Finished building: ../Drivers/STM32F1xx_HAL_Driver/Src/stm32f1xx_hal_tim.c
 
Building file: ../Drivers/STM32F1xx_HAL_Driver/Src/stm32f1xx_hal_tim_ex.c
Invoking: MCU GCC Compiler
C:\Users\TARUC\Students\ChuJaanHorng\AC6WorkSpace\Blinky\Debug
arm-none-eabi-gcc -mcpu=cortex-m3 -mthumb -mfloat-abi=soft '-D__weak=__attribute__((weak))' '-D__packed=__attribute__((__packed__))' -DUSE_HAL_DRIVER -DSTM32F103xB -I"C:/Users/TARUC/Students/ChuJaanHorng/AC6WorkSpace/Blinky/Inc" -I"C:/Users/TARUC/Students/ChuJaanHorng/AC6WorkSpace/Blinky/Drivers/STM32F1xx_HAL_Driver/Inc/Legacy" -I"C:/Users/TARUC/Students/ChuJaanHorng/AC6WorkSpace/Blinky/Drivers/STM32F1xx_HAL_Driver/Inc" -I"C:/Users/TARUC/Students/ChuJaanHorng/AC6WorkSpace/Blinky/Drivers/CMSIS/Device/ST/STM32F1xx/Include" -I"C:/Users/TARUC/Students/ChuJaanHorng/AC6WorkSpace/Blinky/Drivers/CMSIS/Include" -I"C:/Users/TARUC/Students/ChuJaanHorng/AC6WorkSpace/Blinky/Inc"  -Og -Wall -fmessage-length=0 -ffunction-sections -c -fmessage-length=0 -MMD -MP -MF"Drivers/STM32F1xx_HAL_Driver/Src/stm32f1xx_hal_tim_ex.d" -MT"Drivers/STM32F1xx_HAL_Driver/Src/stm32f1xx_hal_tim_ex.o" -o "Drivers/STM32F1xx_HAL_Driver/Src/stm32f1xx_hal_tim_ex.o" "../Drivers/STM32F1xx_HAL_Driver/Src/stm32f1xx_hal_tim_ex.c"
Finished building: ../Drivers/STM32F1xx_HAL_Driver/Src/stm32f1xx_hal_tim_ex.c
 
Building target: Blinky.elf
Invoking: MCU GCC Linker
arm-none-eabi-gcc -mcpu=cortex-m3 -mthumb -mfloat-abi=soft -specs=nosys.specs -specs=nano.specs -T"../STM32F103C8Tx_FLASH.ld" -Wl,-Map=output.map -Wl,--gc-sections -o "Blinky.elf" @"objects.list"   -lm
Finished building target: Blinky.elf
 
make --no-print-directory post-build
Generating binary and Printing size information:
arm-none-eabi-objcopy -O binary "Blinky.elf" "Blinky.bin"
arm-none-eabi-size "Blinky.elf"
   text	   data	    bss	    dec	    hex	filename
   6280	    116	   1660	   8056	   1f78	Blinky.elf
 
16:49:19 **** Incremental Build of configuration Debug for project Blinky ****
make all 
make: Nothing to be done for `all'.
16:50:08 **** Incremental Build of configuration Debug for project Blinky ****
make all 
make: Nothing to be done for `all'.
16:50:48 **** Incremental Build of configuration Debug for project Blinky ****
make all 
make: Nothing to be done for `all'.
16:52:17 **** Incremental Build of configuration Debug for project Blinky ****
make all 
Building file: ../startup/sysmem.c
Invoking: MCU GCC Compiler
C:\Users\TARUC\Students\ChuJaanHorng\AC6WorkSpace\Blinky\Debug
arm-none-eabi-gcc -mcpu=cortex-m3 -mthumb -mfloat-abi=soft '-D__weak=__attribute__((weak))' '-D__packed=__attribute__((__packed__))' -DUSE_HAL_DRIVER -DSTM32F103xB -I"C:/Users/TARUC/Students/ChuJaanHorng/AC6WorkSpace/Blinky/Inc" -I"C:/Users/TARUC/Students/ChuJaanHorng/AC6WorkSpace/Blinky/Drivers/STM32F1xx_HAL_Driver/Inc/Legacy" -I"C:/Users/TARUC/Students/ChuJaanHorng/AC6WorkSpace/Blinky/Drivers/STM32F1xx_HAL_Driver/Inc" -I"C:/Users/TARUC/Students/ChuJaanHorng/AC6WorkSpace/Blinky/Drivers/CMSIS/Device/ST/STM32F1xx/Include" -I"C:/Users/TARUC/Students/ChuJaanHorng/AC6WorkSpace/Blinky/Drivers/CMSIS/Include" -I"C:/Users/TARUC/Students/ChuJaanHorng/AC6WorkSpace/Blinky/Inc"  -Og -g3 -Wall -fmessage-length=0 -ffunction-sections -c -fmessage-length=0 -MMD -MP -MF"startup/sysmem.d" -MT"startup/sysmem.o" -o "startup/sysmem.o" "../startup/sysmem.c"
Finished building: ../startup/sysmem.c
 
Building file: ../Src/Task.c
Invoking: MCU GCC Compiler
C:\Users\TARUC\Students\ChuJaanHorng\AC6WorkSpace\Blinky\Debug
arm-none-eabi-gcc -mcpu=cortex-m3 -mthumb -mfloat-abi=soft '-D__weak=__attribute__((weak))' '-D__packed=__attribute__((__packed__))' -DUSE_HAL_DRIVER -DSTM32F103xB -I"C:/Users/TARUC/Students/ChuJaanHorng/AC6WorkSpace/Blinky/Inc" -I"C:/Users/TARUC/Students/ChuJaanHorng/AC6WorkSpace/Blinky/Drivers/STM32F1xx_HAL_Driver/Inc/Legacy" -I"C:/Users/TARUC/Students/ChuJaanHorng/AC6WorkSpace/Blinky/Drivers/STM32F1xx_HAL_Driver/Inc" -I"C:/Users/TARUC/Students/ChuJaanHorng/AC6WorkSpace/Blinky/Drivers/CMSIS/Device/ST/STM32F1xx/Include" -I"C:/Users/TARUC/Students/ChuJaanHorng/AC6WorkSpace/Blinky/Drivers/CMSIS/Include" -I"C:/Users/TARUC/Students/ChuJaanHorng/AC6WorkSpace/Blinky/Inc"  -Og -g3 -Wall -fmessage-length=0 -ffunction-sections -c -fmessage-length=0 -MMD -MP -MF"Src/Task.d" -MT"Src/Task.o" -o "Src/Task.o" "../Src/Task.c"
../Src/Task.c: In function 'createThread':
../Src/Task.c:14:18: warning: assignment from incompatible pointer type [-Wincompatible-pointer-types]
  tcb->stackBegin = (uint32_t *)malloc(size);
                  ^
Finished building: ../Src/Task.c
 
Building file: ../Src/main.c
Invoking: MCU GCC Compiler
C:\Users\TARUC\Students\ChuJaanHorng\AC6WorkSpace\Blinky\Debug
arm-none-eabi-gcc -mcpu=cortex-m3 -mthumb -mfloat-abi=soft '-D__weak=__attribute__((weak))' '-D__packed=__attribute__((__packed__))' -DUSE_HAL_DRIVER -DSTM32F103xB -I"C:/Users/TARUC/Students/ChuJaanHorng/AC6WorkSpace/Blinky/Inc" -I"C:/Users/TARUC/Students/ChuJaanHorng/AC6WorkSpace/Blinky/Drivers/STM32F1xx_HAL_Driver/Inc/Legacy" -I"C:/Users/TARUC/Students/ChuJaanHorng/AC6WorkSpace/Blinky/Drivers/STM32F1xx_HAL_Driver/Inc" -I"C:/Users/TARUC/Students/ChuJaanHorng/AC6WorkSpace/Blinky/Drivers/CMSIS/Device/ST/STM32F1xx/Include" -I"C:/Users/TARUC/Students/ChuJaanHorng/AC6WorkSpace/Blinky/Drivers/CMSIS/Include" -I"C:/Users/TARUC/Students/ChuJaanHorng/AC6WorkSpace/Blinky/Inc"  -Og -g3 -Wall -fmessage-length=0 -ffunction-sections -c -fmessage-length=0 -MMD -MP -MF"Src/main.d" -MT"Src/main.o" -o "Src/main.o" "../Src/main.c"
../Src/main.c: In function 'main':
../Src/main.c:114:13: warning: implicit declaration of function 'initKernel' [-Wimplicit-function-declaration]
   currTcb = initKernel("MainThread");
             ^
../Src/main.c:114:11: warning: assignment makes pointer from integer without a cast [-Wint-conversion]
   currTcb = initKernel("MainThread");
           ^
../Src/main.c:115:9: warning: implicit declaration of function 'createThread' [-Wimplicit-function-declaration]
   tcb = createThread("Thread1", task1, 256);
         ^
../Src/main.c:115:7: warning: assignment makes pointer from integer without a cast [-Wint-conversion]
   tcb = createThread("Thread1", task1, 256);
       ^
../Src/main.c:117:7: warning: assignment makes pointer from integer without a cast [-Wint-conversion]
   tcb = createThread("Thread2", task2, 512);
       ^
../Src/main.c:126:16: warning: unused variable 'val4' [-Wunused-variable]
   volatile int val4 = add6Integers(2, 3, 4, 5, 8, 6);
                ^
../Src/main.c:125:16: warning: unused variable 'val3' [-Wunused-variable]
   volatile int val3 = add5Integers(1, 2, 3, 4, 5);
                ^
../Src/main.c:123:16: warning: variable 'val' set but not used [-Wunused-but-set-variable]
   volatile int val = add2Integers(23, 56);
                ^
../Src/main.c:87:12: warning: unused variable 'LED' [-Wunused-variable]
   enum led LED=led1;
            ^
../Src/main.c:86:14: warning: unused variable 'led2State' [-Wunused-variable]
   enum blink led2State=on;
              ^
../Src/main.c:85:14: warning: unused variable 'led1State' [-Wunused-variable]
   enum blink led1State=on;
              ^
../Src/main.c: In function 'task1':
../Src/main.c:299:11: warning: type defaults to 'int' in declaration of 'i' [-Wimplicit-int]
  volatile i=0;
           ^
../Src/main.c: In function 'task2':
../Src/main.c:307:11: warning: type defaults to 'int' in declaration of 'k' [-Wimplicit-int]
  volatile k=0;
           ^
Finished building: ../Src/main.c
 
Building file: ../Src/stm32f1xx_hal_msp.c
Invoking: MCU GCC Compiler
C:\Users\TARUC\Students\ChuJaanHorng\AC6WorkSpace\Blinky\Debug
arm-none-eabi-gcc -mcpu=cortex-m3 -mthumb -mfloat-abi=soft '-D__weak=__attribute__((weak))' '-D__packed=__attribute__((__packed__))' -DUSE_HAL_DRIVER -DSTM32F103xB -I"C:/Users/TARUC/Students/ChuJaanHorng/AC6WorkSpace/Blinky/Inc" -I"C:/Users/TARUC/Students/ChuJaanHorng/AC6WorkSpace/Blinky/Drivers/STM32F1xx_HAL_Driver/Inc/Legacy" -I"C:/Users/TARUC/Students/ChuJaanHorng/AC6WorkSpace/Blinky/Drivers/STM32F1xx_HAL_Driver/Inc" -I"C:/Users/TARUC/Students/ChuJaanHorng/AC6WorkSpace/Blinky/Drivers/CMSIS/Device/ST/STM32F1xx/Include" -I"C:/Users/TARUC/Students/ChuJaanHorng/AC6WorkSpace/Blinky/Drivers/CMSIS/Include" -I"C:/Users/TARUC/Students/ChuJaanHorng/AC6WorkSpace/Blinky/Inc"  -Og -g3 -Wall -fmessage-length=0 -ffunction-sections -c -fmessage-length=0 -MMD -MP -MF"Src/stm32f1xx_hal_msp.d" -MT"Src/stm32f1xx_hal_msp.o" -o "Src/stm32f1xx_hal_msp.o" "../Src/stm32f1xx_hal_msp.c"
Finished building: ../Src/stm32f1xx_hal_msp.c
 
Building file: ../Src/stm32f1xx_it.c
Invoking: MCU GCC Compiler
C:\Users\TARUC\Students\ChuJaanHorng\AC6WorkSpace\Blinky\Debug
arm-none-eabi-gcc -mcpu=cortex-m3 -mthumb -mfloat-abi=soft '-D__weak=__attribute__((weak))' '-D__packed=__attribute__((__packed__))' -DUSE_HAL_DRIVER -DSTM32F103xB -I"C:/Users/TARUC/Students/ChuJaanHorng/AC6WorkSpace/Blinky/Inc" -I"C:/Users/TARUC/Students/ChuJaanHorng/AC6WorkSpace/Blinky/Drivers/STM32F1xx_HAL_Driver/Inc/Legacy" -I"C:/Users/TARUC/Students/ChuJaanHorng/AC6WorkSpace/Blinky/Drivers/STM32F1xx_HAL_Driver/Inc" -I"C:/Users/TARUC/Students/ChuJaanHorng/AC6WorkSpace/Blinky/Drivers/CMSIS/Device/ST/STM32F1xx/Include" -I"C:/Users/TARUC/Students/ChuJaanHorng/AC6WorkSpace/Blinky/Drivers/CMSIS/Include" -I"C:/Users/TARUC/Students/ChuJaanHorng/AC6WorkSpace/Blinky/Inc"  -Og -g3 -Wall -fmessage-length=0 -ffunction-sections -c -fmessage-length=0 -MMD -MP -MF"Src/stm32f1xx_it.d" -MT"Src/stm32f1xx_it.o" -o "Src/stm32f1xx_it.o" "../Src/stm32f1xx_it.c"
Finished building: ../Src/stm32f1xx_it.c
 
Building file: ../Src/system_stm32f1xx.c
Invoking: MCU GCC Compiler
C:\Users\TARUC\Students\ChuJaanHorng\AC6WorkSpace\Blinky\Debug
arm-none-eabi-gcc -mcpu=cortex-m3 -mthumb -mfloat-abi=soft '-D__weak=__attribute__((weak))' '-D__packed=__attribute__((__packed__))' -DUSE_HAL_DRIVER -DSTM32F103xB -I"C:/Users/TARUC/Students/ChuJaanHorng/AC6WorkSpace/Blinky/Inc" -I"C:/Users/TARUC/Students/ChuJaanHorng/AC6WorkSpace/Blinky/Drivers/STM32F1xx_HAL_Driver/Inc/Legacy" -I"C:/Users/TARUC/Students/ChuJaanHorng/AC6WorkSpace/Blinky/Drivers/STM32F1xx_HAL_Driver/Inc" -I"C:/Users/TARUC/Students/ChuJaanHorng/AC6WorkSpace/Blinky/Drivers/CMSIS/Device/ST/STM32F1xx/Include" -I"C:/Users/TARUC/Students/ChuJaanHorng/AC6WorkSpace/Blinky/Drivers/CMSIS/Include" -I"C:/Users/TARUC/Students/ChuJaanHorng/AC6WorkSpace/Blinky/Inc"  -Og -g3 -Wall -fmessage-length=0 -ffunction-sections -c -fmessage-length=0 -MMD -MP -MF"Src/system_stm32f1xx.d" -MT"Src/system_stm32f1xx.o" -o "Src/system_stm32f1xx.o" "../Src/system_stm32f1xx.c"
Finished building: ../Src/system_stm32f1xx.c
 
Building file: ../Drivers/STM32F1xx_HAL_Driver/Src/stm32f1xx_hal.c
Invoking: MCU GCC Compiler
C:\Users\TARUC\Students\ChuJaanHorng\AC6WorkSpace\Blinky\Debug
arm-none-eabi-gcc -mcpu=cortex-m3 -mthumb -mfloat-abi=soft '-D__weak=__attribute__((weak))' '-D__packed=__attribute__((__packed__))' -DUSE_HAL_DRIVER -DSTM32F103xB -I"C:/Users/TARUC/Students/ChuJaanHorng/AC6WorkSpace/Blinky/Inc" -I"C:/Users/TARUC/Students/ChuJaanHorng/AC6WorkSpace/Blinky/Drivers/STM32F1xx_HAL_Driver/Inc/Legacy" -I"C:/Users/TARUC/Students/ChuJaanHorng/AC6WorkSpace/Blinky/Drivers/STM32F1xx_HAL_Driver/Inc" -I"C:/Users/TARUC/Students/ChuJaanHorng/AC6WorkSpace/Blinky/Drivers/CMSIS/Device/ST/STM32F1xx/Include" -I"C:/Users/TARUC/Students/ChuJaanHorng/AC6WorkSpace/Blinky/Drivers/CMSIS/Include" -I"C:/Users/TARUC/Students/ChuJaanHorng/AC6WorkSpace/Blinky/Inc"  -Og -g3 -Wall -fmessage-length=0 -ffunction-sections -c -fmessage-length=0 -MMD -MP -MF"Drivers/STM32F1xx_HAL_Driver/Src/stm32f1xx_hal.d" -MT"Drivers/STM32F1xx_HAL_Driver/Src/stm32f1xx_hal.o" -o "Drivers/STM32F1xx_HAL_Driver/Src/stm32f1xx_hal.o" "../Drivers/STM32F1xx_HAL_Driver/Src/stm32f1xx_hal.c"
Finished building: ../Drivers/STM32F1xx_HAL_Driver/Src/stm32f1xx_hal.c
 
Building file: ../Drivers/STM32F1xx_HAL_Driver/Src/stm32f1xx_hal_cortex.c
Invoking: MCU GCC Compiler
C:\Users\TARUC\Students\ChuJaanHorng\AC6WorkSpace\Blinky\Debug
arm-none-eabi-gcc -mcpu=cortex-m3 -mthumb -mfloat-abi=soft '-D__weak=__attribute__((weak))' '-D__packed=__attribute__((__packed__))' -DUSE_HAL_DRIVER -DSTM32F103xB -I"C:/Users/TARUC/Students/ChuJaanHorng/AC6WorkSpace/Blinky/Inc" -I"C:/Users/TARUC/Students/ChuJaanHorng/AC6WorkSpace/Blinky/Drivers/STM32F1xx_HAL_Driver/Inc/Legacy" -I"C:/Users/TARUC/Students/ChuJaanHorng/AC6WorkSpace/Blinky/Drivers/STM32F1xx_HAL_Driver/Inc" -I"C:/Users/TARUC/Students/ChuJaanHorng/AC6WorkSpace/Blinky/Drivers/CMSIS/Device/ST/STM32F1xx/Include" -I"C:/Users/TARUC/Students/ChuJaanHorng/AC6WorkSpace/Blinky/Drivers/CMSIS/Include" -I"C:/Users/TARUC/Students/ChuJaanHorng/AC6WorkSpace/Blinky/Inc"  -Og -g3 -Wall -fmessage-length=0 -ffunction-sections -c -fmessage-length=0 -MMD -MP -MF"Drivers/STM32F1xx_HAL_Driver/Src/stm32f1xx_hal_cortex.d" -MT"Drivers/STM32F1xx_HAL_Driver/Src/stm32f1xx_hal_cortex.o" -o "Drivers/STM32F1xx_HAL_Driver/Src/stm32f1xx_hal_cortex.o" "../Drivers/STM32F1xx_HAL_Driver/Src/stm32f1xx_hal_cortex.c"
Finished building: ../Drivers/STM32F1xx_HAL_Driver/Src/stm32f1xx_hal_cortex.c
 
Building file: ../Drivers/STM32F1xx_HAL_Driver/Src/stm32f1xx_hal_dma.c
Invoking: MCU GCC Compiler
C:\Users\TARUC\Students\ChuJaanHorng\AC6WorkSpace\Blinky\Debug
arm-none-eabi-gcc -mcpu=cortex-m3 -mthumb -mfloat-abi=soft '-D__weak=__attribute__((weak))' '-D__packed=__attribute__((__packed__))' -DUSE_HAL_DRIVER -DSTM32F103xB -I"C:/Users/TARUC/Students/ChuJaanHorng/AC6WorkSpace/Blinky/Inc" -I"C:/Users/TARUC/Students/ChuJaanHorng/AC6WorkSpace/Blinky/Drivers/STM32F1xx_HAL_Driver/Inc/Legacy" -I"C:/Users/TARUC/Students/ChuJaanHorng/AC6WorkSpace/Blinky/Drivers/STM32F1xx_HAL_Driver/Inc" -I"C:/Users/TARUC/Students/ChuJaanHorng/AC6WorkSpace/Blinky/Drivers/CMSIS/Device/ST/STM32F1xx/Include" -I"C:/Users/TARUC/Students/ChuJaanHorng/AC6WorkSpace/Blinky/Drivers/CMSIS/Include" -I"C:/Users/TARUC/Students/ChuJaanHorng/AC6WorkSpace/Blinky/Inc"  -Og -g3 -Wall -fmessage-length=0 -ffunction-sections -c -fmessage-length=0 -MMD -MP -MF"Drivers/STM32F1xx_HAL_Driver/Src/stm32f1xx_hal_dma.d" -MT"Drivers/STM32F1xx_HAL_Driver/Src/stm32f1xx_hal_dma.o" -o "Drivers/STM32F1xx_HAL_Driver/Src/stm32f1xx_hal_dma.o" "../Drivers/STM32F1xx_HAL_Driver/Src/stm32f1xx_hal_dma.c"
Finished building: ../Drivers/STM32F1xx_HAL_Driver/Src/stm32f1xx_hal_dma.c
 
Building file: ../Drivers/STM32F1xx_HAL_Driver/Src/stm32f1xx_hal_flash.c
Invoking: MCU GCC Compiler
C:\Users\TARUC\Students\ChuJaanHorng\AC6WorkSpace\Blinky\Debug
arm-none-eabi-gcc -mcpu=cortex-m3 -mthumb -mfloat-abi=soft '-D__weak=__attribute__((weak))' '-D__packed=__attribute__((__packed__))' -DUSE_HAL_DRIVER -DSTM32F103xB -I"C:/Users/TARUC/Students/ChuJaanHorng/AC6WorkSpace/Blinky/Inc" -I"C:/Users/TARUC/Students/ChuJaanHorng/AC6WorkSpace/Blinky/Drivers/STM32F1xx_HAL_Driver/Inc/Legacy" -I"C:/Users/TARUC/Students/ChuJaanHorng/AC6WorkSpace/Blinky/Drivers/STM32F1xx_HAL_Driver/Inc" -I"C:/Users/TARUC/Students/ChuJaanHorng/AC6WorkSpace/Blinky/Drivers/CMSIS/Device/ST/STM32F1xx/Include" -I"C:/Users/TARUC/Students/ChuJaanHorng/AC6WorkSpace/Blinky/Drivers/CMSIS/Include" -I"C:/Users/TARUC/Students/ChuJaanHorng/AC6WorkSpace/Blinky/Inc"  -Og -g3 -Wall -fmessage-length=0 -ffunction-sections -c -fmessage-length=0 -MMD -MP -MF"Drivers/STM32F1xx_HAL_Driver/Src/stm32f1xx_hal_flash.d" -MT"Drivers/STM32F1xx_HAL_Driver/Src/stm32f1xx_hal_flash.o" -o "Drivers/STM32F1xx_HAL_Driver/Src/stm32f1xx_hal_flash.o" "../Drivers/STM32F1xx_HAL_Driver/Src/stm32f1xx_hal_flash.c"
Finished building: ../Drivers/STM32F1xx_HAL_Driver/Src/stm32f1xx_hal_flash.c
 
Building file: ../Drivers/STM32F1xx_HAL_Driver/Src/stm32f1xx_hal_flash_ex.c
Invoking: MCU GCC Compiler
C:\Users\TARUC\Students\ChuJaanHorng\AC6WorkSpace\Blinky\Debug
arm-none-eabi-gcc -mcpu=cortex-m3 -mthumb -mfloat-abi=soft '-D__weak=__attribute__((weak))' '-D__packed=__attribute__((__packed__))' -DUSE_HAL_DRIVER -DSTM32F103xB -I"C:/Users/TARUC/Students/ChuJaanHorng/AC6WorkSpace/Blinky/Inc" -I"C:/Users/TARUC/Students/ChuJaanHorng/AC6WorkSpace/Blinky/Drivers/STM32F1xx_HAL_Driver/Inc/Legacy" -I"C:/Users/TARUC/Students/ChuJaanHorng/AC6WorkSpace/Blinky/Drivers/STM32F1xx_HAL_Driver/Inc" -I"C:/Users/TARUC/Students/ChuJaanHorng/AC6WorkSpace/Blinky/Drivers/CMSIS/Device/ST/STM32F1xx/Include" -I"C:/Users/TARUC/Students/ChuJaanHorng/AC6WorkSpace/Blinky/Drivers/CMSIS/Include" -I"C:/Users/TARUC/Students/ChuJaanHorng/AC6WorkSpace/Blinky/Inc"  -Og -g3 -Wall -fmessage-length=0 -ffunction-sections -c -fmessage-length=0 -MMD -MP -MF"Drivers/STM32F1xx_HAL_Driver/Src/stm32f1xx_hal_flash_ex.d" -MT"Drivers/STM32F1xx_HAL_Driver/Src/stm32f1xx_hal_flash_ex.o" -o "Drivers/STM32F1xx_HAL_Driver/Src/stm32f1xx_hal_flash_ex.o" "../Drivers/STM32F1xx_HAL_Driver/Src/stm32f1xx_hal_flash_ex.c"
Finished building: ../Drivers/STM32F1xx_HAL_Driver/Src/stm32f1xx_hal_flash_ex.c
 
Building file: ../Drivers/STM32F1xx_HAL_Driver/Src/stm32f1xx_hal_gpio.c
Invoking: MCU GCC Compiler
C:\Users\TARUC\Students\ChuJaanHorng\AC6WorkSpace\Blinky\Debug
arm-none-eabi-gcc -mcpu=cortex-m3 -mthumb -mfloat-abi=soft '-D__weak=__attribute__((weak))' '-D__packed=__attribute__((__packed__))' -DUSE_HAL_DRIVER -DSTM32F103xB -I"C:/Users/TARUC/Students/ChuJaanHorng/AC6WorkSpace/Blinky/Inc" -I"C:/Users/TARUC/Students/ChuJaanHorng/AC6WorkSpace/Blinky/Drivers/STM32F1xx_HAL_Driver/Inc/Legacy" -I"C:/Users/TARUC/Students/ChuJaanHorng/AC6WorkSpace/Blinky/Drivers/STM32F1xx_HAL_Driver/Inc" -I"C:/Users/TARUC/Students/ChuJaanHorng/AC6WorkSpace/Blinky/Drivers/CMSIS/Device/ST/STM32F1xx/Include" -I"C:/Users/TARUC/Students/ChuJaanHorng/AC6WorkSpace/Blinky/Drivers/CMSIS/Include" -I"C:/Users/TARUC/Students/ChuJaanHorng/AC6WorkSpace/Blinky/Inc"  -Og -g3 -Wall -fmessage-length=0 -ffunction-sections -c -fmessage-length=0 -MMD -MP -MF"Drivers/STM32F1xx_HAL_Driver/Src/stm32f1xx_hal_gpio.d" -MT"Drivers/STM32F1xx_HAL_Driver/Src/stm32f1xx_hal_gpio.o" -o "Drivers/STM32F1xx_HAL_Driver/Src/stm32f1xx_hal_gpio.o" "../Drivers/STM32F1xx_HAL_Driver/Src/stm32f1xx_hal_gpio.c"
Finished building: ../Drivers/STM32F1xx_HAL_Driver/Src/stm32f1xx_hal_gpio.c
 
Building file: ../Drivers/STM32F1xx_HAL_Driver/Src/stm32f1xx_hal_gpio_ex.c
Invoking: MCU GCC Compiler
C:\Users\TARUC\Students\ChuJaanHorng\AC6WorkSpace\Blinky\Debug
arm-none-eabi-gcc -mcpu=cortex-m3 -mthumb -mfloat-abi=soft '-D__weak=__attribute__((weak))' '-D__packed=__attribute__((__packed__))' -DUSE_HAL_DRIVER -DSTM32F103xB -I"C:/Users/TARUC/Students/ChuJaanHorng/AC6WorkSpace/Blinky/Inc" -I"C:/Users/TARUC/Students/ChuJaanHorng/AC6WorkSpace/Blinky/Drivers/STM32F1xx_HAL_Driver/Inc/Legacy" -I"C:/Users/TARUC/Students/ChuJaanHorng/AC6WorkSpace/Blinky/Drivers/STM32F1xx_HAL_Driver/Inc" -I"C:/Users/TARUC/Students/ChuJaanHorng/AC6WorkSpace/Blinky/Drivers/CMSIS/Device/ST/STM32F1xx/Include" -I"C:/Users/TARUC/Students/ChuJaanHorng/AC6WorkSpace/Blinky/Drivers/CMSIS/Include" -I"C:/Users/TARUC/Students/ChuJaanHorng/AC6WorkSpace/Blinky/Inc"  -Og -g3 -Wall -fmessage-length=0 -ffunction-sections -c -fmessage-length=0 -MMD -MP -MF"Drivers/STM32F1xx_HAL_Driver/Src/stm32f1xx_hal_gpio_ex.d" -MT"Drivers/STM32F1xx_HAL_Driver/Src/stm32f1xx_hal_gpio_ex.o" -o "Drivers/STM32F1xx_HAL_Driver/Src/stm32f1xx_hal_gpio_ex.o" "../Drivers/STM32F1xx_HAL_Driver/Src/stm32f1xx_hal_gpio_ex.c"
Finished building: ../Drivers/STM32F1xx_HAL_Driver/Src/stm32f1xx_hal_gpio_ex.c
 
Building file: ../Drivers/STM32F1xx_HAL_Driver/Src/stm32f1xx_hal_pwr.c
Invoking: MCU GCC Compiler
C:\Users\TARUC\Students\ChuJaanHorng\AC6WorkSpace\Blinky\Debug
arm-none-eabi-gcc -mcpu=cortex-m3 -mthumb -mfloat-abi=soft '-D__weak=__attribute__((weak))' '-D__packed=__attribute__((__packed__))' -DUSE_HAL_DRIVER -DSTM32F103xB -I"C:/Users/TARUC/Students/ChuJaanHorng/AC6WorkSpace/Blinky/Inc" -I"C:/Users/TARUC/Students/ChuJaanHorng/AC6WorkSpace/Blinky/Drivers/STM32F1xx_HAL_Driver/Inc/Legacy" -I"C:/Users/TARUC/Students/ChuJaanHorng/AC6WorkSpace/Blinky/Drivers/STM32F1xx_HAL_Driver/Inc" -I"C:/Users/TARUC/Students/ChuJaanHorng/AC6WorkSpace/Blinky/Drivers/CMSIS/Device/ST/STM32F1xx/Include" -I"C:/Users/TARUC/Students/ChuJaanHorng/AC6WorkSpace/Blinky/Drivers/CMSIS/Include" -I"C:/Users/TARUC/Students/ChuJaanHorng/AC6WorkSpace/Blinky/Inc"  -Og -g3 -Wall -fmessage-length=0 -ffunction-sections -c -fmessage-length=0 -MMD -MP -MF"Drivers/STM32F1xx_HAL_Driver/Src/stm32f1xx_hal_pwr.d" -MT"Drivers/STM32F1xx_HAL_Driver/Src/stm32f1xx_hal_pwr.o" -o "Drivers/STM32F1xx_HAL_Driver/Src/stm32f1xx_hal_pwr.o" "../Drivers/STM32F1xx_HAL_Driver/Src/stm32f1xx_hal_pwr.c"
Finished building: ../Drivers/STM32F1xx_HAL_Driver/Src/stm32f1xx_hal_pwr.c
 
Building file: ../Drivers/STM32F1xx_HAL_Driver/Src/stm32f1xx_hal_rcc.c
Invoking: MCU GCC Compiler
C:\Users\TARUC\Students\ChuJaanHorng\AC6WorkSpace\Blinky\Debug
arm-none-eabi-gcc -mcpu=cortex-m3 -mthumb -mfloat-abi=soft '-D__weak=__attribute__((weak))' '-D__packed=__attribute__((__packed__))' -DUSE_HAL_DRIVER -DSTM32F103xB -I"C:/Users/TARUC/Students/ChuJaanHorng/AC6WorkSpace/Blinky/Inc" -I"C:/Users/TARUC/Students/ChuJaanHorng/AC6WorkSpace/Blinky/Drivers/STM32F1xx_HAL_Driver/Inc/Legacy" -I"C:/Users/TARUC/Students/ChuJaanHorng/AC6WorkSpace/Blinky/Drivers/STM32F1xx_HAL_Driver/Inc" -I"C:/Users/TARUC/Students/ChuJaanHorng/AC6WorkSpace/Blinky/Drivers/CMSIS/Device/ST/STM32F1xx/Include" -I"C:/Users/TARUC/Students/ChuJaanHorng/AC6WorkSpace/Blinky/Drivers/CMSIS/Include" -I"C:/Users/TARUC/Students/ChuJaanHorng/AC6WorkSpace/Blinky/Inc"  -Og -g3 -Wall -fmessage-length=0 -ffunction-sections -c -fmessage-length=0 -MMD -MP -MF"Drivers/STM32F1xx_HAL_Driver/Src/stm32f1xx_hal_rcc.d" -MT"Drivers/STM32F1xx_HAL_Driver/Src/stm32f1xx_hal_rcc.o" -o "Drivers/STM32F1xx_HAL_Driver/Src/stm32f1xx_hal_rcc.o" "../Drivers/STM32F1xx_HAL_Driver/Src/stm32f1xx_hal_rcc.c"
Finished building: ../Drivers/STM32F1xx_HAL_Driver/Src/stm32f1xx_hal_rcc.c
 
Building file: ../Drivers/STM32F1xx_HAL_Driver/Src/stm32f1xx_hal_rcc_ex.c
Invoking: MCU GCC Compiler
C:\Users\TARUC\Students\ChuJaanHorng\AC6WorkSpace\Blinky\Debug
arm-none-eabi-gcc -mcpu=cortex-m3 -mthumb -mfloat-abi=soft '-D__weak=__attribute__((weak))' '-D__packed=__attribute__((__packed__))' -DUSE_HAL_DRIVER -DSTM32F103xB -I"C:/Users/TARUC/Students/ChuJaanHorng/AC6WorkSpace/Blinky/Inc" -I"C:/Users/TARUC/Students/ChuJaanHorng/AC6WorkSpace/Blinky/Drivers/STM32F1xx_HAL_Driver/Inc/Legacy" -I"C:/Users/TARUC/Students/ChuJaanHorng/AC6WorkSpace/Blinky/Drivers/STM32F1xx_HAL_Driver/Inc" -I"C:/Users/TARUC/Students/ChuJaanHorng/AC6WorkSpace/Blinky/Drivers/CMSIS/Device/ST/STM32F1xx/Include" -I"C:/Users/TARUC/Students/ChuJaanHorng/AC6WorkSpace/Blinky/Drivers/CMSIS/Include" -I"C:/Users/TARUC/Students/ChuJaanHorng/AC6WorkSpace/Blinky/Inc"  -Og -g3 -Wall -fmessage-length=0 -ffunction-sections -c -fmessage-length=0 -MMD -MP -MF"Drivers/STM32F1xx_HAL_Driver/Src/stm32f1xx_hal_rcc_ex.d" -MT"Drivers/STM32F1xx_HAL_Driver/Src/stm32f1xx_hal_rcc_ex.o" -o "Drivers/STM32F1xx_HAL_Driver/Src/stm32f1xx_hal_rcc_ex.o" "../Drivers/STM32F1xx_HAL_Driver/Src/stm32f1xx_hal_rcc_ex.c"
Finished building: ../Drivers/STM32F1xx_HAL_Driver/Src/stm32f1xx_hal_rcc_ex.c
 
Building file: ../Drivers/STM32F1xx_HAL_Driver/Src/stm32f1xx_hal_tim.c
Invoking: MCU GCC Compiler
C:\Users\TARUC\Students\ChuJaanHorng\AC6WorkSpace\Blinky\Debug
arm-none-eabi-gcc -mcpu=cortex-m3 -mthumb -mfloat-abi=soft '-D__weak=__attribute__((weak))' '-D__packed=__attribute__((__packed__))' -DUSE_HAL_DRIVER -DSTM32F103xB -I"C:/Users/TARUC/Students/ChuJaanHorng/AC6WorkSpace/Blinky/Inc" -I"C:/Users/TARUC/Students/ChuJaanHorng/AC6WorkSpace/Blinky/Drivers/STM32F1xx_HAL_Driver/Inc/Legacy" -I"C:/Users/TARUC/Students/ChuJaanHorng/AC6WorkSpace/Blinky/Drivers/STM32F1xx_HAL_Driver/Inc" -I"C:/Users/TARUC/Students/ChuJaanHorng/AC6WorkSpace/Blinky/Drivers/CMSIS/Device/ST/STM32F1xx/Include" -I"C:/Users/TARUC/Students/ChuJaanHorng/AC6WorkSpace/Blinky/Drivers/CMSIS/Include" -I"C:/Users/TARUC/Students/ChuJaanHorng/AC6WorkSpace/Blinky/Inc"  -Og -g3 -Wall -fmessage-length=0 -ffunction-sections -c -fmessage-length=0 -MMD -MP -MF"Drivers/STM32F1xx_HAL_Driver/Src/stm32f1xx_hal_tim.d" -MT"Drivers/STM32F1xx_HAL_Driver/Src/stm32f1xx_hal_tim.o" -o "Drivers/STM32F1xx_HAL_Driver/Src/stm32f1xx_hal_tim.o" "../Drivers/STM32F1xx_HAL_Driver/Src/stm32f1xx_hal_tim.c"
Finished building: ../Drivers/STM32F1xx_HAL_Driver/Src/stm32f1xx_hal_tim.c
 
Building file: ../Drivers/STM32F1xx_HAL_Driver/Src/stm32f1xx_hal_tim_ex.c
Invoking: MCU GCC Compiler
C:\Users\TARUC\Students\ChuJaanHorng\AC6WorkSpace\Blinky\Debug
arm-none-eabi-gcc -mcpu=cortex-m3 -mthumb -mfloat-abi=soft '-D__weak=__attribute__((weak))' '-D__packed=__attribute__((__packed__))' -DUSE_HAL_DRIVER -DSTM32F103xB -I"C:/Users/TARUC/Students/ChuJaanHorng/AC6WorkSpace/Blinky/Inc" -I"C:/Users/TARUC/Students/ChuJaanHorng/AC6WorkSpace/Blinky/Drivers/STM32F1xx_HAL_Driver/Inc/Legacy" -I"C:/Users/TARUC/Students/ChuJaanHorng/AC6WorkSpace/Blinky/Drivers/STM32F1xx_HAL_Driver/Inc" -I"C:/Users/TARUC/Students/ChuJaanHorng/AC6WorkSpace/Blinky/Drivers/CMSIS/Device/ST/STM32F1xx/Include" -I"C:/Users/TARUC/Students/ChuJaanHorng/AC6WorkSpace/Blinky/Drivers/CMSIS/Include" -I"C:/Users/TARUC/Students/ChuJaanHorng/AC6WorkSpace/Blinky/Inc"  -Og -g3 -Wall -fmessage-length=0 -ffunction-sections -c -fmessage-length=0 -MMD -MP -MF"Drivers/STM32F1xx_HAL_Driver/Src/stm32f1xx_hal_tim_ex.d" -MT"Drivers/STM32F1xx_HAL_Driver/Src/stm32f1xx_hal_tim_ex.o" -o "Drivers/STM32F1xx_HAL_Driver/Src/stm32f1xx_hal_tim_ex.o" "../Drivers/STM32F1xx_HAL_Driver/Src/stm32f1xx_hal_tim_ex.c"
Finished building: ../Drivers/STM32F1xx_HAL_Driver/Src/stm32f1xx_hal_tim_ex.c
 
Building target: Blinky.elf
Invoking: MCU GCC Linker
arm-none-eabi-gcc -mcpu=cortex-m3 -mthumb -mfloat-abi=soft -specs=nosys.specs -specs=nano.specs -T"../STM32F103C8Tx_FLASH.ld" -Wl,-Map=output.map -Wl,--gc-sections -o "Blinky.elf" @"objects.list"   -lm
Finished building target: Blinky.elf
 
make --no-print-directory post-build
Generating binary and Printing size information:
arm-none-eabi-objcopy -O binary "Blinky.elf" "Blinky.bin"
arm-none-eabi-size "Blinky.elf"
   text	   data	    bss	    dec	    hex	filename
   6280	    116	   1660	   8056	   1f78	Blinky.elf
 
16:52:25 **** Incremental Build of configuration Debug for project Blinky ****
make all 
make: Nothing to be done for `all'.
16:53:37 **** Incremental Build of configuration Debug for project Blinky ****
make all 
make: Nothing to be done for `all'.
16:54:51 **** Incremental Build of configuration Debug for project Blinky ****
make all 
Building file: ../Src/Task.c
Invoking: MCU GCC Compiler
C:\Users\TARUC\Students\ChuJaanHorng\AC6WorkSpace\Blinky\Debug
arm-none-eabi-gcc -mcpu=cortex-m3 -mthumb -mfloat-abi=soft '-D__weak=__attribute__((weak))' '-D__packed=__attribute__((__packed__))' -DUSE_HAL_DRIVER -DSTM32F103xB -I"C:/Users/TARUC/Students/ChuJaanHorng/AC6WorkSpace/Blinky/Inc" -I"C:/Users/TARUC/Students/ChuJaanHorng/AC6WorkSpace/Blinky/Drivers/STM32F1xx_HAL_Driver/Inc/Legacy" -I"C:/Users/TARUC/Students/ChuJaanHorng/AC6WorkSpace/Blinky/Drivers/STM32F1xx_HAL_Driver/Inc" -I"C:/Users/TARUC/Students/ChuJaanHorng/AC6WorkSpace/Blinky/Drivers/CMSIS/Device/ST/STM32F1xx/Include" -I"C:/Users/TARUC/Students/ChuJaanHorng/AC6WorkSpace/Blinky/Drivers/CMSIS/Include" -I"C:/Users/TARUC/Students/ChuJaanHorng/AC6WorkSpace/Blinky/Inc"  -Og -g3 -Wall -fmessage-length=0 -ffunction-sections -c -fmessage-length=0 -MMD -MP -MF"Src/Task.d" -MT"Src/Task.o" -o "Src/Task.o" "../Src/Task.c"
../Src/Task.c: In function 'createThread':
../Src/Task.c:13:18: warning: assignment from incompatible pointer type [-Wincompatible-pointer-types]
  tcb->stackBegin = (uint32_t *)malloc(size);
                  ^
Finished building: ../Src/Task.c
 
Building target: Blinky.elf
Invoking: MCU GCC Linker
arm-none-eabi-gcc -mcpu=cortex-m3 -mthumb -mfloat-abi=soft -specs=nosys.specs -specs=nano.specs -T"../STM32F103C8Tx_FLASH.ld" -Wl,-Map=output.map -Wl,--gc-sections -o "Blinky.elf" @"objects.list"   -lm
Finished building target: Blinky.elf
 
make --no-print-directory post-build
Generating binary and Printing size information:
arm-none-eabi-objcopy -O binary "Blinky.elf" "Blinky.bin"
arm-none-eabi-size "Blinky.elf"
   text	   data	    bss	    dec	    hex	filename
   6272	    116	   1660	   8048	   1f70	Blinky.elf
 
16:56:56 **** Incremental Build of configuration Debug for project Blinky ****
make all 
Building file: ../Src/Assembly.s
Invoking: MCU GCC Assembler
C:\Users\TARUC\Students\ChuJaanHorng\AC6WorkSpace\Blinky\Debug
arm-none-eabi-as -mcpu=cortex-m3 -mthumb -mfloat-abi=soft -g -o "Src/Assembly.o" "../Src/Assembly.s"
Finished building: ../Src/Assembly.s
 
Building target: Blinky.elf
Invoking: MCU GCC Linker
arm-none-eabi-gcc -mcpu=cortex-m3 -mthumb -mfloat-abi=soft -specs=nosys.specs -specs=nano.specs -T"../STM32F103C8Tx_FLASH.ld" -Wl,-Map=output.map -Wl,--gc-sections -o "Blinky.elf" @"objects.list"   -lm
Finished building target: Blinky.elf
 
make --no-print-directory post-build
Generating binary and Printing size information:
arm-none-eabi-objcopy -O binary "Blinky.elf" "Blinky.bin"
arm-none-eabi-size "Blinky.elf"
   text	   data	    bss	    dec	    hex	filename
   6272	    116	   1660	   8048	   1f70	Blinky.elf
 
17:25:01 **** Incremental Build of configuration Debug for project Blinky ****
make all 
Building file: ../Src/Assembly.s
Invoking: MCU GCC Assembler
C:\Users\TARUC\Students\ChuJaanHorng\AC6WorkSpace\Blinky\Debug
arm-none-eabi-as -mcpu=cortex-m3 -mthumb -mfloat-abi=soft -g -o "Src/Assembly.o" "../Src/Assembly.s"
Finished building: ../Src/Assembly.s
 
Building target: Blinky.elf
Invoking: MCU GCC Linker
arm-none-eabi-gcc -mcpu=cortex-m3 -mthumb -mfloat-abi=soft -specs=nosys.specs -specs=nano.specs -T"../STM32F103C8Tx_FLASH.ld" -Wl,-Map=output.map -Wl,--gc-sections -o "Blinky.elf" @"objects.list"   -lm
Finished building target: Blinky.elf
 
make --no-print-directory post-build
Generating binary and Printing size information:
arm-none-eabi-objcopy -O binary "Blinky.elf" "Blinky.bin"
arm-none-eabi-size "Blinky.elf"
   text	   data	    bss	    dec	    hex	filename
   6276	    116	   1660	   8052	   1f74	Blinky.elf
 
17:25:07 **** Incremental Build of configuration Debug for project Blinky ****
make all 
make: Nothing to be done for `all'.
17:28:04 **** Incremental Build of configuration Debug for project Blinky ****
make all 
Building file: ../Src/Assembly.s
Invoking: MCU GCC Assembler
C:\Users\TARUC\Students\ChuJaanHorng\AC6WorkSpace\Blinky\Debug
arm-none-eabi-as -mcpu=cortex-m3 -mthumb -mfloat-abi=soft -g -o "Src/Assembly.o" "../Src/Assembly.s"
Finished building: ../Src/Assembly.s
 
Building target: Blinky.elf
Invoking: MCU GCC Linker
arm-none-eabi-gcc -mcpu=cortex-m3 -mthumb -mfloat-abi=soft -specs=nosys.specs -specs=nano.specs -T"../STM32F103C8Tx_FLASH.ld" -Wl,-Map=output.map -Wl,--gc-sections -o "Blinky.elf" @"objects.list"   -lm
Finished building target: Blinky.elf
 
make --no-print-directory post-build
Generating binary and Printing size information:
arm-none-eabi-objcopy -O binary "Blinky.elf" "Blinky.bin"
arm-none-eabi-size "Blinky.elf"
   text	   data	    bss	    dec	    hex	filename
   6268	    116	   1660	   8044	   1f6c	Blinky.elf
 
17:28:06 **** Incremental Build of configuration Debug for project Blinky ****
make all 
make: Nothing to be done for `all'.
17:29:22 **** Incremental Build of configuration Debug for project Blinky ****
make all 
Building file: ../Src/Assembly.s
Invoking: MCU GCC Assembler
C:\Users\TARUC\Students\ChuJaanHorng\AC6WorkSpace\Blinky\Debug
arm-none-eabi-as -mcpu=cortex-m3 -mthumb -mfloat-abi=soft -g -o "Src/Assembly.o" "../Src/Assembly.s"
Finished building: ../Src/Assembly.s
 
Building target: Blinky.elf
Invoking: MCU GCC Linker
arm-none-eabi-gcc -mcpu=cortex-m3 -mthumb -mfloat-abi=soft -specs=nosys.specs -specs=nano.specs -T"../STM32F103C8Tx_FLASH.ld" -Wl,-Map=output.map -Wl,--gc-sections -o "Blinky.elf" @"objects.list"   -lm
Finished building target: Blinky.elf
 
make --no-print-directory post-build
Generating binary and Printing size information:
arm-none-eabi-objcopy -O binary "Blinky.elf" "Blinky.bin"
arm-none-eabi-size "Blinky.elf"
   text	   data	    bss	    dec	    hex	filename
   6276	    116	   1660	   8052	   1f74	Blinky.elf
 
