11:48:31 **** Incremental Build of configuration Debug for project Blinky ****
make all 
make: Nothing to be done for `all'.
11:48:33 **** Incremental Build of configuration Debug for project Blinky ****
make all 
make: Nothing to be done for `all'.
11:54:10 **** Incremental Build of configuration Debug for project Blinky ****
make all 
Building file: ../Src/Assembly.s
Invoking: MCU GCC Assembler
C:\Users\TARUC\Desktop\TCB\Blinky\Debug
arm-none-eabi-as -mcpu=cortex-m3 -mthumb -mfloat-abi=soft -g -o "Src/Assembly.o" "../Src/Assembly.s"
Finished building: ../Src/Assembly.s
 
Building target: Blinky.elf
Invoking: MCU GCC Linker
arm-none-eabi-gcc -mcpu=cortex-m3 -mthumb -mfloat-abi=soft -specs=nosys.specs -specs=nano.specs -T"../STM32F103C8Tx_FLASH.ld" -Wl,-Map=output.map -Wl,--gc-sections -o "Blinky.elf" @"objects.list"   -lm
Finished building target: Blinky.elf
 
make --no-print-directory post-build
Generating binary and Printing size information:
arm-none-eabi-objcopy -O binary "Blinky.elf" "Blinky.bin"
arm-none-eabi-size "Blinky.elf"
   text	   data	    bss	    dec	    hex	filename
   6196	    112	   1656	   7964	   1f1c	Blinky.elf
 
11:57:55 **** Incremental Build of configuration Debug for project Blinky ****
make all 
Building file: ../Src/Assembly.s
Invoking: MCU GCC Assembler
C:\Users\TARUC\Desktop\TCB\Blinky\Debug
arm-none-eabi-as -mcpu=cortex-m3 -mthumb -mfloat-abi=soft -g -o "Src/Assembly.o" "../Src/Assembly.s"
Finished building: ../Src/Assembly.s
 
Building target: Blinky.elf
Invoking: MCU GCC Linker
arm-none-eabi-gcc -mcpu=cortex-m3 -mthumb -mfloat-abi=soft -specs=nosys.specs -specs=nano.specs -T"../STM32F103C8Tx_FLASH.ld" -Wl,-Map=output.map -Wl,--gc-sections -o "Blinky.elf" @"objects.list"   -lm
Finished building target: Blinky.elf
 
make --no-print-directory post-build
Generating binary and Printing size information:
arm-none-eabi-objcopy -O binary "Blinky.elf" "Blinky.bin"
arm-none-eabi-size "Blinky.elf"
   text	   data	    bss	    dec	    hex	filename
   6200	    112	   1656	   7968	   1f20	Blinky.elf
 
11:57:58 **** Incremental Build of configuration Debug for project Blinky ****
make all 
make: Nothing to be done for `all'.
11:58:50 **** Incremental Build of configuration Debug for project Blinky ****
make all 
Building file: ../Src/Assembly.s
Invoking: MCU GCC Assembler
C:\Users\TARUC\Desktop\TCB\Blinky\Debug
arm-none-eabi-as -mcpu=cortex-m3 -mthumb -mfloat-abi=soft -g -o "Src/Assembly.o" "../Src/Assembly.s"
Finished building: ../Src/Assembly.s
 
Building target: Blinky.elf
Invoking: MCU GCC Linker
arm-none-eabi-gcc -mcpu=cortex-m3 -mthumb -mfloat-abi=soft -specs=nosys.specs -specs=nano.specs -T"../STM32F103C8Tx_FLASH.ld" -Wl,-Map=output.map -Wl,--gc-sections -o "Blinky.elf" @"objects.list"   -lm
Finished building target: Blinky.elf
 
make --no-print-directory post-build
Generating binary and Printing size information:
arm-none-eabi-objcopy -O binary "Blinky.elf" "Blinky.bin"
arm-none-eabi-size "Blinky.elf"
   text	   data	    bss	    dec	    hex	filename
   6204	    112	   1656	   7972	   1f24	Blinky.elf
 
11:58:57 **** Incremental Build of configuration Debug for project Blinky ****
make all 
make: Nothing to be done for `all'.
12:01:59 **** Incremental Build of configuration Debug for project Blinky ****
make all 
Building file: ../Src/Assembly.s
Invoking: MCU GCC Assembler
C:\Users\TARUC\Desktop\TCB\Blinky\Debug
arm-none-eabi-as -mcpu=cortex-m3 -mthumb -mfloat-abi=soft -g -o "Src/Assembly.o" "../Src/Assembly.s"
Finished building: ../Src/Assembly.s
 
Building target: Blinky.elf
Invoking: MCU GCC Linker
arm-none-eabi-gcc -mcpu=cortex-m3 -mthumb -mfloat-abi=soft -specs=nosys.specs -specs=nano.specs -T"../STM32F103C8Tx_FLASH.ld" -Wl,-Map=output.map -Wl,--gc-sections -o "Blinky.elf" @"objects.list"   -lm
Finished building target: Blinky.elf
 
make --no-print-directory post-build
Generating binary and Printing size information:
arm-none-eabi-objcopy -O binary "Blinky.elf" "Blinky.bin"
arm-none-eabi-size "Blinky.elf"
   text	   data	    bss	    dec	    hex	filename
   6200	    112	   1656	   7968	   1f20	Blinky.elf
 
12:02:01 **** Incremental Build of configuration Debug for project Blinky ****
make all 
make: Nothing to be done for `all'.
12:03:51 **** Incremental Build of configuration Debug for project Blinky ****
make all 
Building file: ../Src/Assembly.s
Invoking: MCU GCC Assembler
C:\Users\TARUC\Desktop\TCB\Blinky\Debug
arm-none-eabi-as -mcpu=cortex-m3 -mthumb -mfloat-abi=soft -g -o "Src/Assembly.o" "../Src/Assembly.s"
Finished building: ../Src/Assembly.s
 
Building target: Blinky.elf
Invoking: MCU GCC Linker
arm-none-eabi-gcc -mcpu=cortex-m3 -mthumb -mfloat-abi=soft -specs=nosys.specs -specs=nano.specs -T"../STM32F103C8Tx_FLASH.ld" -Wl,-Map=output.map -Wl,--gc-sections -o "Blinky.elf" @"objects.list"   -lm
Finished building target: Blinky.elf
 
make --no-print-directory post-build
Generating binary and Printing size information:
arm-none-eabi-objcopy -O binary "Blinky.elf" "Blinky.bin"
arm-none-eabi-size "Blinky.elf"
   text	   data	    bss	    dec	    hex	filename
   6208	    112	   1656	   7976	   1f28	Blinky.elf
 
12:03:57 **** Incremental Build of configuration Debug for project Blinky ****
make all 
make: Nothing to be done for `all'.
12:04:37 **** Incremental Build of configuration Debug for project Blinky ****
make all 
Building file: ../Src/Assembly.s
Invoking: MCU GCC Assembler
C:\Users\TARUC\Desktop\TCB\Blinky\Debug
arm-none-eabi-as -mcpu=cortex-m3 -mthumb -mfloat-abi=soft -g -o "Src/Assembly.o" "../Src/Assembly.s"
Finished building: ../Src/Assembly.s
 
Building target: Blinky.elf
Invoking: MCU GCC Linker
arm-none-eabi-gcc -mcpu=cortex-m3 -mthumb -mfloat-abi=soft -specs=nosys.specs -specs=nano.specs -T"../STM32F103C8Tx_FLASH.ld" -Wl,-Map=output.map -Wl,--gc-sections -o "Blinky.elf" @"objects.list"   -lm
Finished building target: Blinky.elf
 
make --no-print-directory post-build
Generating binary and Printing size information:
arm-none-eabi-objcopy -O binary "Blinky.elf" "Blinky.bin"
arm-none-eabi-size "Blinky.elf"
   text	   data	    bss	    dec	    hex	filename
   6204	    112	   1656	   7972	   1f24	Blinky.elf
 
12:04:42 **** Incremental Build of configuration Debug for project Blinky ****
make all 
make: Nothing to be done for `all'.
12:04:44 **** Incremental Build of configuration Debug for project Blinky ****
make all 
make: Nothing to be done for `all'.
13:30:07 **** Incremental Build of configuration Debug for project Blinky ****
make all 
make: Nothing to be done for `all'.
13:49:40 **** Incremental Build of configuration Debug for project Blinky ****
make all 
make: Nothing to be done for `all'.
13:52:56 **** Incremental Build of configuration Debug for project Blinky ****
make all 
Building file: ../Src/main.c
Invoking: MCU GCC Compiler
C:\Users\TARUC\Desktop\TCB\Blinky\Debug
arm-none-eabi-gcc -mcpu=cortex-m3 -mthumb -mfloat-abi=soft '-D__weak=__attribute__((weak))' '-D__packed=__attribute__((__packed__))' -DUSE_HAL_DRIVER -DSTM32F103xB -I"C:/Users/TARUC/Desktop/TCB/Blinky/Inc" -I"C:/Users/TARUC/Desktop/TCB/Blinky/Drivers/STM32F1xx_HAL_Driver/Inc/Legacy" -I"C:/Users/TARUC/Desktop/TCB/Blinky/Drivers/STM32F1xx_HAL_Driver/Inc" -I"C:/Users/TARUC/Desktop/TCB/Blinky/Drivers/CMSIS/Device/ST/STM32F1xx/Include" -I"C:/Users/TARUC/Desktop/TCB/Blinky/Drivers/CMSIS/Include" -I"C:/Users/TARUC/Desktop/TCB/Blinky/Inc"  -Og -g3 -Wall -fmessage-length=0 -ffunction-sections -c -fmessage-length=0 -MMD -MP -MF"Src/main.d" -MT"Src/main.o" -o "Src/main.o" "../Src/main.c"
../Src/main.c: In function 'main':
../Src/main.c:117:13: warning: implicit declaration of function 'initKernel' [-Wimplicit-function-declaration]
   currTcb = initKernel("MainThread");
             ^
../Src/main.c:117:11: warning: assignment makes pointer from integer without a cast [-Wint-conversion]
   currTcb = initKernel("MainThread");
           ^
../Src/main.c:118:9: warning: implicit declaration of function 'createThread' [-Wimplicit-function-declaration]
   tcb = createThread("Thread1", task1, 256);
         ^
../Src/main.c:118:7: warning: assignment makes pointer from integer without a cast [-Wint-conversion]
   tcb = createThread("Thread1", task1, 256);
       ^
../Src/main.c:120:7: warning: assignment makes pointer from integer without a cast [-Wint-conversion]
   tcb = createThread("Thread2", task2, 512);
       ^
../Src/main.c:93:7: warning: variable 'j' set but not used [-Wunused-but-set-variable]
   int j=0;
       ^
../Src/main.c:92:8: warning: unused variable 'tcb2' [-Wunused-variable]
   TCB *tcb2;
        ^
Finished building: ../Src/main.c
 
Building target: Blinky.elf
Invoking: MCU GCC Linker
arm-none-eabi-gcc -mcpu=cortex-m3 -mthumb -mfloat-abi=soft -specs=nosys.specs -specs=nano.specs -T"../STM32F103C8Tx_FLASH.ld" -Wl,-Map=output.map -Wl,--gc-sections -o "Blinky.elf" @"objects.list"   -lm
Finished building target: Blinky.elf
 
make --no-print-directory post-build
Generating binary and Printing size information:
arm-none-eabi-objcopy -O binary "Blinky.elf" "Blinky.bin"
arm-none-eabi-size "Blinky.elf"
   text	   data	    bss	    dec	    hex	filename
   6204	    112	   1656	   7972	   1f24	Blinky.elf
 
13:53:06 **** Incremental Build of configuration Debug for project Blinky ****
make all 
Building file: ../Src/main.c
Invoking: MCU GCC Compiler
C:\Users\TARUC\Desktop\TCB\Blinky\Debug
arm-none-eabi-gcc -mcpu=cortex-m3 -mthumb -mfloat-abi=soft '-D__weak=__attribute__((weak))' '-D__packed=__attribute__((__packed__))' -DUSE_HAL_DRIVER -DSTM32F103xB -I"C:/Users/TARUC/Desktop/TCB/Blinky/Inc" -I"C:/Users/TARUC/Desktop/TCB/Blinky/Drivers/STM32F1xx_HAL_Driver/Inc/Legacy" -I"C:/Users/TARUC/Desktop/TCB/Blinky/Drivers/STM32F1xx_HAL_Driver/Inc" -I"C:/Users/TARUC/Desktop/TCB/Blinky/Drivers/CMSIS/Device/ST/STM32F1xx/Include" -I"C:/Users/TARUC/Desktop/TCB/Blinky/Drivers/CMSIS/Include" -I"C:/Users/TARUC/Desktop/TCB/Blinky/Inc"  -Og -g3 -Wall -fmessage-length=0 -ffunction-sections -c -fmessage-length=0 -MMD -MP -MF"Src/main.d" -MT"Src/main.o" -o "Src/main.o" "../Src/main.c"
../Src/main.c: In function 'main':
../Src/main.c:117:13: warning: implicit declaration of function 'initKernel' [-Wimplicit-function-declaration]
   currTcb = initKernel("MainThread");
             ^
../Src/main.c:117:11: warning: assignment makes pointer from integer without a cast [-Wint-conversion]
   currTcb = initKernel("MainThread");
           ^
../Src/main.c:118:9: warning: implicit declaration of function 'createThread' [-Wimplicit-function-declaration]
   tcb = createThread("Thread1", task1, 256);
         ^
../Src/main.c:118:7: warning: assignment makes pointer from integer without a cast [-Wint-conversion]
   tcb = createThread("Thread1", task1, 256);
       ^
../Src/main.c:120:8: warning: assignment makes pointer from integer without a cast [-Wint-conversion]
   tcb2 = createThread("Thread2", task2, 512);
        ^
../Src/main.c:93:7: warning: variable 'j' set but not used [-Wunused-but-set-variable]
   int j=0;
       ^
Finished building: ../Src/main.c
 
Building target: Blinky.elf
Invoking: MCU GCC Linker
arm-none-eabi-gcc -mcpu=cortex-m3 -mthumb -mfloat-abi=soft -specs=nosys.specs -specs=nano.specs -T"../STM32F103C8Tx_FLASH.ld" -Wl,-Map=output.map -Wl,--gc-sections -o "Blinky.elf" @"objects.list"   -lm
Finished building target: Blinky.elf
 
make --no-print-directory post-build
Generating binary and Printing size information:
arm-none-eabi-objcopy -O binary "Blinky.elf" "Blinky.bin"
arm-none-eabi-size "Blinky.elf"
   text	   data	    bss	    dec	    hex	filename
   6204	    112	   1656	   7972	   1f24	Blinky.elf
 
13:53:08 **** Incremental Build of configuration Debug for project Blinky ****
make all 
make: Nothing to be done for `all'.
13:53:10 **** Incremental Build of configuration Debug for project Blinky ****
make all 
make: Nothing to be done for `all'.
13:56:22 **** Incremental Build of configuration Debug for project Blinky ****
make all 
Building file: ../Src/main.c
Invoking: MCU GCC Compiler
C:\Users\TARUC\Desktop\TCB\Blinky\Debug
arm-none-eabi-gcc -mcpu=cortex-m3 -mthumb -mfloat-abi=soft '-D__weak=__attribute__((weak))' '-D__packed=__attribute__((__packed__))' -DUSE_HAL_DRIVER -DSTM32F103xB -I"C:/Users/TARUC/Desktop/TCB/Blinky/Inc" -I"C:/Users/TARUC/Desktop/TCB/Blinky/Drivers/STM32F1xx_HAL_Driver/Inc/Legacy" -I"C:/Users/TARUC/Desktop/TCB/Blinky/Drivers/STM32F1xx_HAL_Driver/Inc" -I"C:/Users/TARUC/Desktop/TCB/Blinky/Drivers/CMSIS/Device/ST/STM32F1xx/Include" -I"C:/Users/TARUC/Desktop/TCB/Blinky/Drivers/CMSIS/Include" -I"C:/Users/TARUC/Desktop/TCB/Blinky/Inc"  -Og -g3 -Wall -fmessage-length=0 -ffunction-sections -c -fmessage-length=0 -MMD -MP -MF"Src/main.d" -MT"Src/main.o" -o "Src/main.o" "../Src/main.c"
../Src/main.c: In function 'main':
../Src/main.c:116:13: warning: implicit declaration of function 'initKernel' [-Wimplicit-function-declaration]
   currTcb = initKernel("MainThread");
             ^
../Src/main.c:116:11: warning: assignment makes pointer from integer without a cast [-Wint-conversion]
   currTcb = initKernel("MainThread");
           ^
../Src/main.c:117:9: warning: implicit declaration of function 'createThread' [-Wimplicit-function-declaration]
   tcb = createThread("Thread1", task1, 256);
         ^
../Src/main.c:117:7: warning: assignment makes pointer from integer without a cast [-Wint-conversion]
   tcb = createThread("Thread1", task1, 256);
       ^
../Src/main.c:119:7: warning: assignment makes pointer from integer without a cast [-Wint-conversion]
   tcb = createThread("Thread2", task2, 512);
       ^
../Src/main.c:92:7: warning: variable 'j' set but not used [-Wunused-but-set-variable]
   int j=0;
       ^
Finished building: ../Src/main.c
 
Building target: Blinky.elf
Invoking: MCU GCC Linker
arm-none-eabi-gcc -mcpu=cortex-m3 -mthumb -mfloat-abi=soft -specs=nosys.specs -specs=nano.specs -T"../STM32F103C8Tx_FLASH.ld" -Wl,-Map=output.map -Wl,--gc-sections -o "Blinky.elf" @"objects.list"   -lm
Finished building target: Blinky.elf
 
make --no-print-directory post-build
Generating binary and Printing size information:
arm-none-eabi-objcopy -O binary "Blinky.elf" "Blinky.bin"
arm-none-eabi-size "Blinky.elf"
   text	   data	    bss	    dec	    hex	filename
   6204	    112	   1656	   7972	   1f24	Blinky.elf
 
13:56:24 **** Incremental Build of configuration Debug for project Blinky ****
make all 
make: Nothing to be done for `all'.
13:57:16 **** Incremental Build of configuration Debug for project Blinky ****
make all 
make: Nothing to be done for `all'.
13:57:18 **** Incremental Build of configuration Debug for project Blinky ****
make all 
make: Nothing to be done for `all'.
14:00:13 **** Incremental Build of configuration Debug for project Blinky ****
make all 
make: Nothing to be done for `all'.
14:00:29 **** Incremental Build of configuration Debug for project Blinky ****
make all 
make: Nothing to be done for `all'.
14:01:04 **** Incremental Build of configuration Debug for project Blinky ****
make all 
make: Nothing to be done for `all'.
14:01:11 **** Incremental Build of configuration Debug for project Blinky ****
make all 
make: Nothing to be done for `all'.
14:01:13 **** Incremental Build of configuration Debug for project Blinky ****
make all 
make: Nothing to be done for `all'.
16:04:13 **** Incremental Build of configuration Debug for project Blinky ****
make all 
make: Nothing to be done for `all'.
16:09:48 **** Incremental Build of configuration Debug for project Blinky ****
make all 
Building file: ../Src/Task.c
Invoking: MCU GCC Compiler
C:\Users\TARUC\Desktop\TCB\Blinky\Debug
arm-none-eabi-gcc -mcpu=cortex-m3 -mthumb -mfloat-abi=soft '-D__weak=__attribute__((weak))' '-D__packed=__attribute__((__packed__))' -DUSE_HAL_DRIVER -DSTM32F103xB -I"C:/Users/TARUC/Desktop/TCB/Blinky/Inc" -I"C:/Users/TARUC/Desktop/TCB/Blinky/Drivers/STM32F1xx_HAL_Driver/Inc/Legacy" -I"C:/Users/TARUC/Desktop/TCB/Blinky/Drivers/STM32F1xx_HAL_Driver/Inc" -I"C:/Users/TARUC/Desktop/TCB/Blinky/Drivers/CMSIS/Device/ST/STM32F1xx/Include" -I"C:/Users/TARUC/Desktop/TCB/Blinky/Drivers/CMSIS/Include" -I"C:/Users/TARUC/Desktop/TCB/Blinky/Inc"  -Og -g3 -Wall -fmessage-length=0 -ffunction-sections -c -fmessage-length=0 -MMD -MP -MF"Src/Task.d" -MT"Src/Task.o" -o "Src/Task.o" "../Src/Task.c"
../Src/Task.c: In function 'createThread':
../Src/Task.c:13:18: warning: assignment from incompatible pointer type [-Wincompatible-pointer-types]
  tcb->stackBegin = (uint32_t *)malloc(size);
                  ^
../Src/Task.c:15:20: warning: assignment from incompatible pointer type [-Wincompatible-pointer-types]
  tcb->stackPointer = (uint32_t *)(tcb->stackBegin + size);
                    ^
../Src/Task.c:31:38: warning: assignment makes integer from pointer without a cast [-Wint-conversion]
  *(uint32_t *)&tcb->stackPointer[56] = (void (*)(void))task;
                                      ^
Finished building: ../Src/Task.c
 
Building target: Blinky.elf
Invoking: MCU GCC Linker
arm-none-eabi-gcc -mcpu=cortex-m3 -mthumb -mfloat-abi=soft -specs=nosys.specs -specs=nano.specs -T"../STM32F103C8Tx_FLASH.ld" -Wl,-Map=output.map -Wl,--gc-sections -o "Blinky.elf" @"objects.list"   -lm
Finished building target: Blinky.elf
 
make --no-print-directory post-build
Generating binary and Printing size information:
arm-none-eabi-objcopy -O binary "Blinky.elf" "Blinky.bin"
arm-none-eabi-size "Blinky.elf"
   text	   data	    bss	    dec	    hex	filename
   6208	    112	   1656	   7976	   1f28	Blinky.elf
 
16:09:53 **** Incremental Build of configuration Debug for project Blinky ****
make all 
make: Nothing to be done for `all'.
16:09:55 **** Incremental Build of configuration Debug for project Blinky ****
make all 
make: Nothing to be done for `all'.
16:11:44 **** Incremental Build of configuration Debug for project Blinky ****
make all 
Building file: ../Src/Task.c
Invoking: MCU GCC Compiler
C:\Users\TARUC\Desktop\TCB\Blinky\Debug
arm-none-eabi-gcc -mcpu=cortex-m3 -mthumb -mfloat-abi=soft '-D__weak=__attribute__((weak))' '-D__packed=__attribute__((__packed__))' -DUSE_HAL_DRIVER -DSTM32F103xB -I"C:/Users/TARUC/Desktop/TCB/Blinky/Inc" -I"C:/Users/TARUC/Desktop/TCB/Blinky/Drivers/STM32F1xx_HAL_Driver/Inc/Legacy" -I"C:/Users/TARUC/Desktop/TCB/Blinky/Drivers/STM32F1xx_HAL_Driver/Inc" -I"C:/Users/TARUC/Desktop/TCB/Blinky/Drivers/CMSIS/Device/ST/STM32F1xx/Include" -I"C:/Users/TARUC/Desktop/TCB/Blinky/Drivers/CMSIS/Include" -I"C:/Users/TARUC/Desktop/TCB/Blinky/Inc"  -Og -g3 -Wall -fmessage-length=0 -ffunction-sections -c -fmessage-length=0 -MMD -MP -MF"Src/Task.d" -MT"Src/Task.o" -o "Src/Task.o" "../Src/Task.c"
../Src/Task.c: In function 'createThread':
../Src/Task.c:13:18: warning: assignment from incompatible pointer type [-Wincompatible-pointer-types]
  tcb->stackBegin = (uint32_t *)malloc(size);
                  ^
../Src/Task.c:15:20: warning: assignment from incompatible pointer type [-Wincompatible-pointer-types]
  tcb->stackPointer = (uint32_t *)(tcb->stackBegin + size);
                    ^
../Src/Task.c:31:38: warning: assignment makes integer from pointer without a cast [-Wint-conversion]
  *(uint32_t *)&tcb->stackPointer[56] = (void (*)(void))task;
                                      ^
Finished building: ../Src/Task.c
 
Building target: Blinky.elf
Invoking: MCU GCC Linker
arm-none-eabi-gcc -mcpu=cortex-m3 -mthumb -mfloat-abi=soft -specs=nosys.specs -specs=nano.specs -T"../STM32F103C8Tx_FLASH.ld" -Wl,-Map=output.map -Wl,--gc-sections -o "Blinky.elf" @"objects.list"   -lm
Finished building target: Blinky.elf
 
make --no-print-directory post-build
Generating binary and Printing size information:
arm-none-eabi-objcopy -O binary "Blinky.elf" "Blinky.bin"
arm-none-eabi-size "Blinky.elf"
   text	   data	    bss	    dec	    hex	filename
   6204	    112	   1656	   7972	   1f24	Blinky.elf
 
16:11:46 **** Incremental Build of configuration Debug for project Blinky ****
make all 
make: Nothing to be done for `all'.
16:11:47 **** Incremental Build of configuration Debug for project Blinky ****
make all 
make: Nothing to be done for `all'.
16:19:37 **** Incremental Build of configuration Debug for project Blinky ****
make all 
Building file: ../Src/Assembly.s
Invoking: MCU GCC Assembler
C:\Users\TARUC\Desktop\TCB\Blinky\Debug
arm-none-eabi-as -mcpu=cortex-m3 -mthumb -mfloat-abi=soft -g -o "Src/Assembly.o" "../Src/Assembly.s"
Finished building: ../Src/Assembly.s
 
Building target: Blinky.elf
Invoking: MCU GCC Linker
arm-none-eabi-gcc -mcpu=cortex-m3 -mthumb -mfloat-abi=soft -specs=nosys.specs -specs=nano.specs -T"../STM32F103C8Tx_FLASH.ld" -Wl,-Map=output.map -Wl,--gc-sections -o "Blinky.elf" @"objects.list"   -lm
Finished building target: Blinky.elf
 
make --no-print-directory post-build
Generating binary and Printing size information:
arm-none-eabi-objcopy -O binary "Blinky.elf" "Blinky.bin"
arm-none-eabi-size "Blinky.elf"
   text	   data	    bss	    dec	    hex	filename
   6204	    112	   1656	   7972	   1f24	Blinky.elf
 
16:19:39 **** Incremental Build of configuration Debug for project Blinky ****
make all 
make: Nothing to be done for `all'.
16:20:17 **** Incremental Build of configuration Debug for project Blinky ****
make all 
Building file: ../Src/Assembly.s
Invoking: MCU GCC Assembler
C:\Users\TARUC\Desktop\TCB\Blinky\Debug
arm-none-eabi-as -mcpu=cortex-m3 -mthumb -mfloat-abi=soft -g -o "Src/Assembly.o" "../Src/Assembly.s"
Finished building: ../Src/Assembly.s
 
Building target: Blinky.elf
Invoking: MCU GCC Linker
arm-none-eabi-gcc -mcpu=cortex-m3 -mthumb -mfloat-abi=soft -specs=nosys.specs -specs=nano.specs -T"../STM32F103C8Tx_FLASH.ld" -Wl,-Map=output.map -Wl,--gc-sections -o "Blinky.elf" @"objects.list"   -lm
Finished building target: Blinky.elf
 
make --no-print-directory post-build
Generating binary and Printing size information:
arm-none-eabi-objcopy -O binary "Blinky.elf" "Blinky.bin"
arm-none-eabi-size "Blinky.elf"
   text	   data	    bss	    dec	    hex	filename
   6204	    112	   1656	   7972	   1f24	Blinky.elf
 
16:20:20 **** Incremental Build of configuration Debug for project Blinky ****
make all 
make: Nothing to be done for `all'.
16:25:38 **** Incremental Build of configuration Debug for project Blinky ****
make all 
make: Nothing to be done for `all'.
16:25:40 **** Incremental Build of configuration Debug for project Blinky ****
make all 
make: Nothing to be done for `all'.
16:26:33 **** Incremental Build of configuration Debug for project Blinky ****
make all 
Building file: ../Src/main.c
Invoking: MCU GCC Compiler
C:\Users\TARUC\Desktop\TCB\Blinky\Debug
arm-none-eabi-gcc -mcpu=cortex-m3 -mthumb -mfloat-abi=soft '-D__weak=__attribute__((weak))' '-D__packed=__attribute__((__packed__))' -DUSE_HAL_DRIVER -DSTM32F103xB -I"C:/Users/TARUC/Desktop/TCB/Blinky/Inc" -I"C:/Users/TARUC/Desktop/TCB/Blinky/Drivers/STM32F1xx_HAL_Driver/Inc/Legacy" -I"C:/Users/TARUC/Desktop/TCB/Blinky/Drivers/STM32F1xx_HAL_Driver/Inc" -I"C:/Users/TARUC/Desktop/TCB/Blinky/Drivers/CMSIS/Device/ST/STM32F1xx/Include" -I"C:/Users/TARUC/Desktop/TCB/Blinky/Drivers/CMSIS/Include" -I"C:/Users/TARUC/Desktop/TCB/Blinky/Inc"  -Og -g3 -Wall -fmessage-length=0 -ffunction-sections -c -fmessage-length=0 -MMD -MP -MF"Src/main.d" -MT"Src/main.o" -o "Src/main.o" "../Src/main.c"
../Src/main.c: In function 'main':
../Src/main.c:116:13: warning: implicit declaration of function 'initKernel' [-Wimplicit-function-declaration]
   currTcb = initKernel("MainThread");
             ^
../Src/main.c:116:11: warning: assignment makes pointer from integer without a cast [-Wint-conversion]
   currTcb = initKernel("MainThread");
           ^
../Src/main.c:117:9: warning: implicit declaration of function 'createThread' [-Wimplicit-function-declaration]
   tcb = createThread("Thread1", task1, 256);
         ^
../Src/main.c:117:7: warning: assignment makes pointer from integer without a cast [-Wint-conversion]
   tcb = createThread("Thread1", task1, 256);
       ^
../Src/main.c:92:7: warning: variable 'j' set but not used [-Wunused-but-set-variable]
   int j=0;
       ^
Finished building: ../Src/main.c
 
Building target: Blinky.elf
Invoking: MCU GCC Linker
arm-none-eabi-gcc -mcpu=cortex-m3 -mthumb -mfloat-abi=soft -specs=nosys.specs -specs=nano.specs -T"../STM32F103C8Tx_FLASH.ld" -Wl,-Map=output.map -Wl,--gc-sections -o "Blinky.elf" @"objects.list"   -lm
Finished building target: Blinky.elf
 
make --no-print-directory post-build
Generating binary and Printing size information:
arm-none-eabi-objcopy -O binary "Blinky.elf" "Blinky.bin"
arm-none-eabi-size "Blinky.elf"
   text	   data	    bss	    dec	    hex	filename
   6144	    112	   1656	   7912	   1ee8	Blinky.elf
 
16:26:41 **** Incremental Build of configuration Debug for project Blinky ****
make all 
Building file: ../Src/main.c
Invoking: MCU GCC Compiler
C:\Users\TARUC\Desktop\TCB\Blinky\Debug
arm-none-eabi-gcc -mcpu=cortex-m3 -mthumb -mfloat-abi=soft '-D__weak=__attribute__((weak))' '-D__packed=__attribute__((__packed__))' -DUSE_HAL_DRIVER -DSTM32F103xB -I"C:/Users/TARUC/Desktop/TCB/Blinky/Inc" -I"C:/Users/TARUC/Desktop/TCB/Blinky/Drivers/STM32F1xx_HAL_Driver/Inc/Legacy" -I"C:/Users/TARUC/Desktop/TCB/Blinky/Drivers/STM32F1xx_HAL_Driver/Inc" -I"C:/Users/TARUC/Desktop/TCB/Blinky/Drivers/CMSIS/Device/ST/STM32F1xx/Include" -I"C:/Users/TARUC/Desktop/TCB/Blinky/Drivers/CMSIS/Include" -I"C:/Users/TARUC/Desktop/TCB/Blinky/Inc"  -Og -g3 -Wall -fmessage-length=0 -ffunction-sections -c -fmessage-length=0 -MMD -MP -MF"Src/main.d" -MT"Src/main.o" -o "Src/main.o" "../Src/main.c"
../Src/main.c: In function 'main':
../Src/main.c:116:13: warning: implicit declaration of function 'initKernel' [-Wimplicit-function-declaration]
   currTcb = initKernel("MainThread");
             ^
../Src/main.c:116:11: warning: assignment makes pointer from integer without a cast [-Wint-conversion]
   currTcb = initKernel("MainThread");
           ^
../Src/main.c:117:9: warning: implicit declaration of function 'createThread' [-Wimplicit-function-declaration]
   tcb = createThread("Thread1", task1, 256);
         ^
../Src/main.c:117:7: warning: assignment makes pointer from integer without a cast [-Wint-conversion]
   tcb = createThread("Thread1", task1, 256);
       ^
../Src/main.c:92:7: warning: variable 'j' set but not used [-Wunused-but-set-variable]
   int j=0;
       ^
Finished building: ../Src/main.c
 
Building target: Blinky.elf
Invoking: MCU GCC Linker
arm-none-eabi-gcc -mcpu=cortex-m3 -mthumb -mfloat-abi=soft -specs=nosys.specs -specs=nano.specs -T"../STM32F103C8Tx_FLASH.ld" -Wl,-Map=output.map -Wl,--gc-sections -o "Blinky.elf" @"objects.list"   -lm
Finished building target: Blinky.elf
 
make --no-print-directory post-build
Generating binary and Printing size information:
arm-none-eabi-objcopy -O binary "Blinky.elf" "Blinky.bin"
arm-none-eabi-size "Blinky.elf"
   text	   data	    bss	    dec	    hex	filename
   6152	    112	   1656	   7920	   1ef0	Blinky.elf
 
16:27:04 **** Incremental Build of configuration Debug for project Blinky ****
make all 
Building file: ../Src/main.c
Invoking: MCU GCC Compiler
C:\Users\TARUC\Desktop\TCB\Blinky\Debug
arm-none-eabi-gcc -mcpu=cortex-m3 -mthumb -mfloat-abi=soft '-D__weak=__attribute__((weak))' '-D__packed=__attribute__((__packed__))' -DUSE_HAL_DRIVER -DSTM32F103xB -I"C:/Users/TARUC/Desktop/TCB/Blinky/Inc" -I"C:/Users/TARUC/Desktop/TCB/Blinky/Drivers/STM32F1xx_HAL_Driver/Inc/Legacy" -I"C:/Users/TARUC/Desktop/TCB/Blinky/Drivers/STM32F1xx_HAL_Driver/Inc" -I"C:/Users/TARUC/Desktop/TCB/Blinky/Drivers/CMSIS/Device/ST/STM32F1xx/Include" -I"C:/Users/TARUC/Desktop/TCB/Blinky/Drivers/CMSIS/Include" -I"C:/Users/TARUC/Desktop/TCB/Blinky/Inc"  -Og -g3 -Wall -fmessage-length=0 -ffunction-sections -c -fmessage-length=0 -MMD -MP -MF"Src/main.d" -MT"Src/main.o" -o "Src/main.o" "../Src/main.c"
../Src/main.c: In function 'main':
../Src/main.c:116:13: warning: implicit declaration of function 'initKernel' [-Wimplicit-function-declaration]
   currTcb = initKernel("MainThread");
             ^
../Src/main.c:116:11: warning: assignment makes pointer from integer without a cast [-Wint-conversion]
   currTcb = initKernel("MainThread");
           ^
../Src/main.c:117:9: warning: implicit declaration of function 'createThread' [-Wimplicit-function-declaration]
   tcb = createThread("Thread1", task1, 256);
         ^
../Src/main.c:117:7: warning: assignment makes pointer from integer without a cast [-Wint-conversion]
   tcb = createThread("Thread1", task1, 256);
       ^
../Src/main.c:119:7: warning: assignment makes pointer from integer without a cast [-Wint-conversion]
   tcb = createThread("Thread2", task2, 512);
       ^
../Src/main.c:92:7: warning: variable 'j' set but not used [-Wunused-but-set-variable]
   int j=0;
       ^
Finished building: ../Src/main.c
 
Building target: Blinky.elf
Invoking: MCU GCC Linker
arm-none-eabi-gcc -mcpu=cortex-m3 -mthumb -mfloat-abi=soft -specs=nosys.specs -specs=nano.specs -T"../STM32F103C8Tx_FLASH.ld" -Wl,-Map=output.map -Wl,--gc-sections -o "Blinky.elf" @"objects.list"   -lm
Finished building target: Blinky.elf
 
make --no-print-directory post-build
Generating binary and Printing size information:
arm-none-eabi-objcopy -O binary "Blinky.elf" "Blinky.bin"
arm-none-eabi-size "Blinky.elf"
   text	   data	    bss	    dec	    hex	filename
   6204	    112	   1656	   7972	   1f24	Blinky.elf
 
16:27:07 **** Incremental Build of configuration Debug for project Blinky ****
make all 
make: Nothing to be done for `all'.
16:27:28 **** Incremental Build of configuration Debug for project Blinky ****
make all 
Building file: ../Src/main.c
Invoking: MCU GCC Compiler
C:\Users\TARUC\Desktop\TCB\Blinky\Debug
arm-none-eabi-gcc -mcpu=cortex-m3 -mthumb -mfloat-abi=soft '-D__weak=__attribute__((weak))' '-D__packed=__attribute__((__packed__))' -DUSE_HAL_DRIVER -DSTM32F103xB -I"C:/Users/TARUC/Desktop/TCB/Blinky/Inc" -I"C:/Users/TARUC/Desktop/TCB/Blinky/Drivers/STM32F1xx_HAL_Driver/Inc/Legacy" -I"C:/Users/TARUC/Desktop/TCB/Blinky/Drivers/STM32F1xx_HAL_Driver/Inc" -I"C:/Users/TARUC/Desktop/TCB/Blinky/Drivers/CMSIS/Device/ST/STM32F1xx/Include" -I"C:/Users/TARUC/Desktop/TCB/Blinky/Drivers/CMSIS/Include" -I"C:/Users/TARUC/Desktop/TCB/Blinky/Inc"  -Og -g3 -Wall -fmessage-length=0 -ffunction-sections -c -fmessage-length=0 -MMD -MP -MF"Src/main.d" -MT"Src/main.o" -o "Src/main.o" "../Src/main.c"
../Src/main.c: In function 'main':
../Src/main.c:116:13: warning: implicit declaration of function 'initKernel' [-Wimplicit-function-declaration]
   currTcb = initKernel("MainThread");
             ^
../Src/main.c:116:11: warning: assignment makes pointer from integer without a cast [-Wint-conversion]
   currTcb = initKernel("MainThread");
           ^
../Src/main.c:117:9: warning: implicit declaration of function 'createThread' [-Wimplicit-function-declaration]
   tcb = createThread("Thread1", task1, 256);
         ^
../Src/main.c:117:7: warning: assignment makes pointer from integer without a cast [-Wint-conversion]
   tcb = createThread("Thread1", task1, 256);
       ^
../Src/main.c:92:7: warning: variable 'j' set but not used [-Wunused-but-set-variable]
   int j=0;
       ^
Finished building: ../Src/main.c
 
Building target: Blinky.elf
Invoking: MCU GCC Linker
arm-none-eabi-gcc -mcpu=cortex-m3 -mthumb -mfloat-abi=soft -specs=nosys.specs -specs=nano.specs -T"../STM32F103C8Tx_FLASH.ld" -Wl,-Map=output.map -Wl,--gc-sections -o "Blinky.elf" @"objects.list"   -lm
Finished building target: Blinky.elf
 
make --no-print-directory post-build
Generating binary and Printing size information:
arm-none-eabi-objcopy -O binary "Blinky.elf" "Blinky.bin"
arm-none-eabi-size "Blinky.elf"
   text	   data	    bss	    dec	    hex	filename
   6152	    112	   1656	   7920	   1ef0	Blinky.elf
 
16:27:33 **** Incremental Build of configuration Debug for project Blinky ****
make all 
make: Nothing to be done for `all'.
16:33:28 **** Incremental Build of configuration Debug for project Blinky ****
make all 
Building file: ../Src/main.c
Invoking: MCU GCC Compiler
C:\Users\TARUC\Desktop\TCB\Blinky\Debug
arm-none-eabi-gcc -mcpu=cortex-m3 -mthumb -mfloat-abi=soft '-D__weak=__attribute__((weak))' '-D__packed=__attribute__((__packed__))' -DUSE_HAL_DRIVER -DSTM32F103xB -I"C:/Users/TARUC/Desktop/TCB/Blinky/Inc" -I"C:/Users/TARUC/Desktop/TCB/Blinky/Drivers/STM32F1xx_HAL_Driver/Inc/Legacy" -I"C:/Users/TARUC/Desktop/TCB/Blinky/Drivers/STM32F1xx_HAL_Driver/Inc" -I"C:/Users/TARUC/Desktop/TCB/Blinky/Drivers/CMSIS/Device/ST/STM32F1xx/Include" -I"C:/Users/TARUC/Desktop/TCB/Blinky/Drivers/CMSIS/Include" -I"C:/Users/TARUC/Desktop/TCB/Blinky/Inc"  -Og -g3 -Wall -fmessage-length=0 -ffunction-sections -c -fmessage-length=0 -MMD -MP -MF"Src/main.d" -MT"Src/main.o" -o "Src/main.o" "../Src/main.c"
../Src/main.c: In function 'main':
../Src/main.c:116:13: warning: implicit declaration of function 'initKernel' [-Wimplicit-function-declaration]
   currTcb = initKernel("MainThread");
             ^
../Src/main.c:116:11: warning: assignment makes pointer from integer without a cast [-Wint-conversion]
   currTcb = initKernel("MainThread");
           ^
../Src/main.c:117:9: warning: implicit declaration of function 'createThread' [-Wimplicit-function-declaration]
   tcb = createThread("Thread1", task1, 256);
         ^
../Src/main.c:117:7: warning: assignment makes pointer from integer without a cast [-Wint-conversion]
   tcb = createThread("Thread1", task1, 256);
       ^
../Src/main.c:120:7: warning: assignment makes pointer from integer without a cast [-Wint-conversion]
   tcb = createThread("Thread2", task2, 512);
       ^
../Src/main.c:92:7: warning: variable 'j' set but not used [-Wunused-but-set-variable]
   int j=0;
       ^
Finished building: ../Src/main.c
 
Building target: Blinky.elf
Invoking: MCU GCC Linker
arm-none-eabi-gcc -mcpu=cortex-m3 -mthumb -mfloat-abi=soft -specs=nosys.specs -specs=nano.specs -T"../STM32F103C8Tx_FLASH.ld" -Wl,-Map=output.map -Wl,--gc-sections -o "Blinky.elf" @"objects.list"   -lm
Finished building target: Blinky.elf
 
make --no-print-directory post-build
Generating binary and Printing size information:
arm-none-eabi-objcopy -O binary "Blinky.elf" "Blinky.bin"
arm-none-eabi-size "Blinky.elf"
   text	   data	    bss	    dec	    hex	filename
   6208	    112	   1656	   7976	   1f28	Blinky.elf
 
16:33:49 **** Incremental Build of configuration Debug for project Blinky ****
make all 
Building file: ../Src/Assembly.s
Invoking: MCU GCC Assembler
C:\Users\TARUC\Desktop\TCB\Blinky\Debug
arm-none-eabi-as -mcpu=cortex-m3 -mthumb -mfloat-abi=soft -g -o "Src/Assembly.o" "../Src/Assembly.s"
Finished building: ../Src/Assembly.s
 
Building target: Blinky.elf
Invoking: MCU GCC Linker
arm-none-eabi-gcc -mcpu=cortex-m3 -mthumb -mfloat-abi=soft -specs=nosys.specs -specs=nano.specs -T"../STM32F103C8Tx_FLASH.ld" -Wl,-Map=output.map -Wl,--gc-sections -o "Blinky.elf" @"objects.list"   -lm
Finished building target: Blinky.elf
 
make --no-print-directory post-build
Generating binary and Printing size information:
arm-none-eabi-objcopy -O binary "Blinky.elf" "Blinky.bin"
arm-none-eabi-size "Blinky.elf"
   text	   data	    bss	    dec	    hex	filename
   6208	    112	   1656	   7976	   1f28	Blinky.elf
 
16:33:52 **** Incremental Build of configuration Debug for project Blinky ****
make all 
make: Nothing to be done for `all'.
16:41:27 **** Incremental Build of configuration Debug for project Blinky ****
make all 
make: Nothing to be done for `all'.
